Component: ARM Compiler 5.05 update 1 (build 106) Tool: armlink [4d0efa]

==============================================================================

Section Cross References

    stm32f10x_it.o(i.EXTI9_5_IRQHandler) refers to stm32f10x_exti.o(i.EXTI_ClearITPendingBit) for EXTI_ClearITPendingBit
    stm32f10x_it.o(i.EXTI9_5_IRQHandler) refers to printf3.o(i.__0printf$3) for __2printf
    stm32f10x_it.o(i.RTC_IRQHandler) refers to stm32f10x_rtc.o(i.RTC_GetITStatus) for RTC_GetITStatus
    stm32f10x_it.o(i.RTC_IRQHandler) refers to stm32f10x_rtc.o(i.RTC_WaitForLastTask) for RTC_WaitForLastTask
    stm32f10x_it.o(i.RTC_IRQHandler) refers to stm32f10x_rtc.o(i.RTC_ClearITPendingBit) for RTC_ClearITPendingBit
    stm32f10x_it.o(i.USART1_IRQHandler) refers to stm32f10x_it.o(.data) for i
    stm32f10x_it.o(i.USART1_IRQHandler) refers to xy_usart.o(.bss) for Usart1
    system_stm32f10x.o(i.SetSysClock) refers to system_stm32f10x.o(i.SetSysClockTo72) for SetSysClockTo72
    system_stm32f10x.o(i.SystemCoreClockUpdate) refers to system_stm32f10x.o(.data) for SystemCoreClock
    system_stm32f10x.o(i.SystemInit) refers to system_stm32f10x.o(i.SetSysClock) for SetSysClock
    startup_stm32f10x_hd.o(RESET) refers to startup_stm32f10x_hd.o(STACK) for __initial_sp
    startup_stm32f10x_hd.o(RESET) refers to startup_stm32f10x_hd.o(.text) for Reset_Handler
    startup_stm32f10x_hd.o(RESET) refers to stm32f10x_it.o(i.NMI_Handler) for NMI_Handler
    startup_stm32f10x_hd.o(RESET) refers to stm32f10x_it.o(i.HardFault_Handler) for HardFault_Handler
    startup_stm32f10x_hd.o(RESET) refers to stm32f10x_it.o(i.MemManage_Handler) for MemManage_Handler
    startup_stm32f10x_hd.o(RESET) refers to stm32f10x_it.o(i.BusFault_Handler) for BusFault_Handler
    startup_stm32f10x_hd.o(RESET) refers to stm32f10x_it.o(i.UsageFault_Handler) for UsageFault_Handler
    startup_stm32f10x_hd.o(RESET) refers to port.o(.emb_text) for SVC_Handler
    startup_stm32f10x_hd.o(RESET) refers to stm32f10x_it.o(i.DebugMon_Handler) for DebugMon_Handler
    startup_stm32f10x_hd.o(RESET) refers to systick.o(i.SysTick_Handler) for SysTick_Handler
    startup_stm32f10x_hd.o(RESET) refers to stm32f10x_it.o(i.RTC_IRQHandler) for RTC_IRQHandler
    startup_stm32f10x_hd.o(RESET) refers to stm32f10x_it.o(i.EXTI9_5_IRQHandler) for EXTI9_5_IRQHandler
    startup_stm32f10x_hd.o(RESET) refers to stm32f10x_it.o(i.TIM2_IRQHandler) for TIM2_IRQHandler
    startup_stm32f10x_hd.o(RESET) refers to stm32f10x_it.o(i.USART1_IRQHandler) for USART1_IRQHandler
    startup_stm32f10x_hd.o(RESET) refers to stm32f10x_it.o(i.SDIO_IRQHandler) for SDIO_IRQHandler
    startup_stm32f10x_hd.o(RESET) refers to stm32f10x_it.o(i.TIM6_IRQHandler) for TIM6_IRQHandler
    startup_stm32f10x_hd.o(RESET) refers to stm32f10x_it.o(i.TIM7_IRQHandler) for TIM7_IRQHandler
    startup_stm32f10x_hd.o(.text) refers to system_stm32f10x.o(i.SystemInit) for SystemInit
    startup_stm32f10x_hd.o(.text) refers to entry.o(.ARM.Collect$$$$00000000) for __main
    stm32f10x_adc.o(i.ADC_DeInit) refers to stm32f10x_rcc.o(i.RCC_APB2PeriphResetCmd) for RCC_APB2PeriphResetCmd
    stm32f10x_bkp.o(i.BKP_DeInit) refers to stm32f10x_rcc.o(i.RCC_BackupResetCmd) for RCC_BackupResetCmd
    stm32f10x_can.o(i.CAN_DeInit) refers to stm32f10x_rcc.o(i.RCC_APB1PeriphResetCmd) for RCC_APB1PeriphResetCmd
    stm32f10x_can.o(i.CAN_GetITStatus) refers to stm32f10x_can.o(i.CheckITStatus) for CheckITStatus
    stm32f10x_cec.o(i.CEC_DeInit) refers to stm32f10x_rcc.o(i.RCC_APB1PeriphResetCmd) for RCC_APB1PeriphResetCmd
    stm32f10x_dac.o(i.DAC_DeInit) refers to stm32f10x_rcc.o(i.RCC_APB1PeriphResetCmd) for RCC_APB1PeriphResetCmd
    stm32f10x_flash.o(i.FLASH_EnableWriteProtection) refers to stm32f10x_flash.o(i.FLASH_WaitForLastOperation) for FLASH_WaitForLastOperation
    stm32f10x_flash.o(i.FLASH_EraseAllBank1Pages) refers to stm32f10x_flash.o(i.FLASH_WaitForLastBank1Operation) for FLASH_WaitForLastBank1Operation
    stm32f10x_flash.o(i.FLASH_EraseAllPages) refers to stm32f10x_flash.o(i.FLASH_WaitForLastOperation) for FLASH_WaitForLastOperation
    stm32f10x_flash.o(i.FLASH_EraseOptionBytes) refers to stm32f10x_flash.o(i.FLASH_GetReadOutProtectionStatus) for FLASH_GetReadOutProtectionStatus
    stm32f10x_flash.o(i.FLASH_EraseOptionBytes) refers to stm32f10x_flash.o(i.FLASH_WaitForLastOperation) for FLASH_WaitForLastOperation
    stm32f10x_flash.o(i.FLASH_ErasePage) refers to stm32f10x_flash.o(i.FLASH_WaitForLastOperation) for FLASH_WaitForLastOperation
    stm32f10x_flash.o(i.FLASH_ProgramHalfWord) refers to stm32f10x_flash.o(i.FLASH_WaitForLastOperation) for FLASH_WaitForLastOperation
    stm32f10x_flash.o(i.FLASH_ProgramOptionByteData) refers to stm32f10x_flash.o(i.FLASH_WaitForLastOperation) for FLASH_WaitForLastOperation
    stm32f10x_flash.o(i.FLASH_ProgramWord) refers to stm32f10x_flash.o(i.FLASH_WaitForLastOperation) for FLASH_WaitForLastOperation
[...]
    Removing stm32f10x_tim.o(i.TIM_SelectOutputTrigger), (18 bytes).
    Removing stm32f10x_tim.o(i.TIM_SelectSlaveMode), (18 bytes).
    Removing stm32f10x_tim.o(i.TIM_SetAutoreload), (4 bytes).
    Removing stm32f10x_tim.o(i.TIM_SetClockDivision), (18 bytes).
    Removing stm32f10x_tim.o(i.TIM_SetCompare1), (4 bytes).
    Removing stm32f10x_tim.o(i.TIM_SetCompare2), (4 bytes).
    Removing stm32f10x_tim.o(i.TIM_SetCompare3), (4 bytes).
    Removing stm32f10x_tim.o(i.TIM_SetCompare4), (6 bytes).
    Removing stm32f10x_tim.o(i.TIM_SetCounter), (4 bytes).
    Removing stm32f10x_tim.o(i.TIM_SetIC1Prescaler), (18 bytes).
    Removing stm32f10x_tim.o(i.TIM_SetIC2Prescaler), (26 bytes).
    Removing stm32f10x_tim.o(i.TIM_SetIC3Prescaler), (18 bytes).
    Removing stm32f10x_tim.o(i.TIM_SetIC4Prescaler), (26 bytes).
    Removing stm32f10x_tim.o(i.TIM_TIxExternalClockConfig), (62 bytes).
    Removing stm32f10x_tim.o(i.TIM_TimeBaseInit), (164 bytes).
    Removing stm32f10x_tim.o(i.TIM_TimeBaseStructInit), (18 bytes).
    Removing stm32f10x_tim.o(i.TIM_UpdateDisableConfig), (24 bytes).
    Removing stm32f10x_tim.o(i.TIM_UpdateRequestConfig), (24 bytes).
    Removing stm32f10x_usart.o(i.USART_ClearITPendingBit), (30 bytes).
    Removing stm32f10x_usart.o(i.USART_ClockInit), (34 bytes).
    Removing stm32f10x_usart.o(i.USART_ClockStructInit), (12 bytes).
    Removing stm32f10x_usart.o(i.USART_DMACmd), (18 bytes).
    Removing stm32f10x_usart.o(i.USART_DeInit), (156 bytes).
    Removing stm32f10x_usart.o(i.USART_GetITStatus), (84 bytes).
    Removing stm32f10x_usart.o(i.USART_HalfDuplexCmd), (24 bytes).
    Removing stm32f10x_usart.o(i.USART_IrDACmd), (24 bytes).
    Removing stm32f10x_usart.o(i.USART_IrDAConfig), (18 bytes).
    Removing stm32f10x_usart.o(i.USART_LINBreakDetectLengthConfig), (18 bytes).
    Removing stm32f10x_usart.o(i.USART_LINCmd), (24 bytes).
    Removing stm32f10x_usart.o(i.USART_OneBitMethodCmd), (24 bytes).
    Removing stm32f10x_usart.o(i.USART_OverSampling8Cmd), (22 bytes).
    Removing stm32f10x_usart.o(i.USART_ReceiveData), (10 bytes).
    Removing stm32f10x_usart.o(i.USART_ReceiverWakeUpCmd), (24 bytes).
    Removing stm32f10x_usart.o(i.USART_SendBreak), (10 bytes).
    Removing stm32f10x_usart.o(i.USART_SetAddress), (18 bytes).
    Removing stm32f10x_usart.o(i.USART_SetGuardTime), (16 bytes).
    Removing stm32f10x_usart.o(i.USART_SetPrescaler), (16 bytes).
    Removing stm32f10x_usart.o(i.USART_SmartCardCmd), (24 bytes).
    Removing stm32f10x_usart.o(i.USART_SmartCardNACKCmd), (24 bytes).
    Removing stm32f10x_usart.o(i.USART_StructInit), (24 bytes).
    Removing stm32f10x_usart.o(i.USART_WakeUpConfig), (18 bytes).
    Removing stm32f10x_wwdg.o(i.WWDG_ClearFlag), (12 bytes).
    Removing stm32f10x_wwdg.o(i.WWDG_DeInit), (22 bytes).
    Removing stm32f10x_wwdg.o(i.WWDG_Enable), (16 bytes).
    Removing stm32f10x_wwdg.o(i.WWDG_EnableIT), (12 bytes).
    Removing stm32f10x_wwdg.o(i.WWDG_GetFlagStatus), (12 bytes).
    Removing stm32f10x_wwdg.o(i.WWDG_SetCounter), (16 bytes).
    Removing stm32f10x_wwdg.o(i.WWDG_SetPrescaler), (24 bytes).
    Removing stm32f10x_wwdg.o(i.WWDG_SetWindowValue), (40 bytes).
    Removing tasks.o(i.pcTaskGetName), (48 bytes).
    Removing tasks.o(i.prvTaskIsTaskSuspended), (88 bytes).
    Removing tasks.o(i.pvTaskIncrementMutexHeldCount), (32 bytes).
    Removing tasks.o(i.ulTaskNotifyTake), (116 bytes).
    Removing tasks.o(i.uxTaskGetNumberOfTasks), (12 bytes).
    Removing tasks.o(i.uxTaskPriorityGet), (36 bytes).
    Removing tasks.o(i.uxTaskPriorityGetFromISR), (68 bytes).
    Removing tasks.o(i.uxTaskResetEventItemValue), (28 bytes).
    Removing tasks.o(i.vTaskDelete), (244 bytes).
    Removing tasks.o(i.vTaskEndScheduler), (36 bytes).
    Removing tasks.o(i.vTaskMissedYield), (12 bytes).
    Removing tasks.o(i.vTaskNotifyGiveFromISR), (240 bytes).
    Removing tasks.o(i.vTaskPlaceOnEventList), (56 bytes).
    Removing tasks.o(i.vTaskPlaceOnUnorderedEventList), (108 bytes).
    Removing tasks.o(i.vTaskPriorityInherit), (176 bytes).
    Removing tasks.o(i.vTaskPrioritySet), (276 bytes).
    Removing tasks.o(i.vTaskResume), (144 bytes).
    Removing tasks.o(i.vTaskSetTimeOutState), (48 bytes).
    Removing tasks.o(i.vTaskSuspend), (228 bytes).
    Removing tasks.o(i.xTaskCheckForTimeOut), (140 bytes).
    Removing tasks.o(i.xTaskGenericNotify), (260 bytes).
    Removing tasks.o(i.xTaskGenericNotifyFromISR), (324 bytes).
    Removing tasks.o(i.xTaskGetCurrentTaskHandle), (12 bytes).
    Removing tasks.o(i.xTaskGetTickCount), (12 bytes).
    Removing tasks.o(i.xTaskGetTickCountFromISR), (20 bytes).
    Removing tasks.o(i.xTaskNotifyStateClear), (52 bytes).
    Removing tasks.o(i.xTaskNotifyWait), (160 bytes).
    Removing tasks.o(i.xTaskPriorityDisinherit), (200 bytes).
    Removing tasks.o(i.xTaskRemoveFromEventList), (152 bytes).
    Removing tasks.o(i.xTaskRemoveFromUnorderedEventList), (176 bytes).
    Removing tasks.o(i.xTaskResumeFromISR), (180 bytes).
    Removing event_groups.o(i.prvTestWaitCondition), (30 bytes).
    Removing event_groups.o(i.vEventGroupClearBitsCallback), (16 bytes).
    Removing event_groups.o(i.vEventGroupDelete), (82 bytes).
    Removing event_groups.o(i.vEventGroupSetBitsCallback), (16 bytes).
    Removing event_groups.o(i.xEventGroupClearBits), (92 bytes).
    Removing event_groups.o(i.xEventGroupCreate), (26 bytes).
    Removing event_groups.o(i.xEventGroupGetBitsFromISR), (44 bytes).
    Removing event_groups.o(i.xEventGroupSetBits), (206 bytes).
    Removing event_groups.o(i.xEventGroupSync), (268 bytes).
    Removing event_groups.o(i.xEventGroupWaitBits), (340 bytes).
    Removing queue.o(i.pcQueueGetName), (44 bytes).
    Removing queue.o(i.prvCopyDataFromQueue), (42 bytes).
    Removing queue.o(i.prvCopyDataToQueue), (124 bytes).
    Removing queue.o(i.prvInitialiseMutex), (28 bytes).
    Removing queue.o(i.prvInitialiseNewQueue), (38 bytes).
    Removing queue.o(i.prvIsQueueEmpty), (26 bytes).
    Removing queue.o(i.prvIsQueueFull), (30 bytes).
    Removing queue.o(i.prvUnlockQueue), (126 bytes).
    Removing queue.o(i.uxQueueMessagesWaiting), (42 bytes).
    Removing queue.o(i.uxQueueMessagesWaitingFromISR), (30 bytes).
    Removing queue.o(i.uxQueueSpacesAvailable), (48 bytes).
    Removing queue.o(i.vQueueAddToRegistry), (44 bytes).
    Removing queue.o(i.vQueueDelete), (44 bytes).
    Removing queue.o(i.vQueueUnregisterQueue), (48 bytes).
    Removing queue.o(i.xQueueCreateMutex), (34 bytes).
    Removing queue.o(i.xQueueGenericCreate), (88 bytes).
    Removing queue.o(i.xQueueGenericReceive), (452 bytes).
    Removing queue.o(i.xQueueGenericReset), (152 bytes).
    Removing queue.o(i.xQueueGenericSend), (424 bytes).
    Removing queue.o(i.xQueueGenericSendFromISR), (248 bytes).
    Removing queue.o(i.xQueueGiveFromISR), (224 bytes).
    Removing queue.o(i.xQueueIsQueueEmptyFromISR), (38 bytes).
    Removing queue.o(i.xQueueIsQueueFullFromISR), (42 bytes).
    Removing queue.o(i.xQueuePeekFromISR), (176 bytes).
    Removing queue.o(i.xQueueReceiveFromISR), (202 bytes).
    Removing queue.o(.bss), (64 bytes).
    Removing port.o(i.vPortEndScheduler), (48 bytes).
    Removing port.o(i.vPortValidateInterruptPriority), (120 bytes).
    Removing heap_4.o(i.vPortInitialiseBlocks), (2 bytes).
    Removing heap_4.o(i.xPortGetFreeHeapSize), (12 bytes).
    Removing heap_4.o(i.xPortGetMinimumEverFreeHeapSize), (12 bytes).
    Removing cmsis_os.o(.rev16_text), (4 bytes).
    Removing cmsis_os.o(.revsh_text), (4 bytes).
    Removing cmsis_os.o(i.inHandlerMode), (16 bytes).
    Removing cmsis_os.o(i.makeCmsisPriority), (18 bytes).
    Removing cmsis_os.o(i.osAbortDelay), (6 bytes).
    Removing cmsis_os.o(i.osDelayUntil), (6 bytes).
    Removing cmsis_os.o(i.osKernelRunning), (18 bytes).
    Removing cmsis_os.o(i.osKernelSysTick), (20 bytes).
    Removing cmsis_os.o(i.osMailAlloc), (24 bytes).
    Removing cmsis_os.o(i.osMailCAlloc), (44 bytes).
    Removing cmsis_os.o(i.osMailCreate), (122 bytes).
    Removing cmsis_os.o(i.osMailFree), (22 bytes).
    Removing cmsis_os.o(i.osMailGet), (152 bytes).
    Removing cmsis_os.o(i.osMailPut), (96 bytes).
    Removing cmsis_os.o(i.osMessageAvailableSpace), (12 bytes).
    Removing cmsis_os.o(i.osMessageCreate), (18 bytes).
    Removing cmsis_os.o(i.osMessageDelete), (24 bytes).
    Removing cmsis_os.o(i.osMessageGet), (156 bytes).
    Removing cmsis_os.o(i.osMessagePeek), (88 bytes).
    Removing cmsis_os.o(i.osMessagePut), (96 bytes).
    Removing cmsis_os.o(i.osMessageWaiting), (26 bytes).
    Removing cmsis_os.o(i.osMutexCreate), (12 bytes).
    Removing cmsis_os.o(i.osMutexDelete), (24 bytes).
    Removing cmsis_os.o(i.osMutexRelease), (80 bytes).
    Removing cmsis_os.o(i.osMutexWait), (108 bytes).
    Removing cmsis_os.o(i.osPoolAlloc), (122 bytes).
    Removing cmsis_os.o(i.osPoolCAlloc), (22 bytes).
    Removing cmsis_os.o(i.osPoolCreate), (112 bytes).
    Removing cmsis_os.o(i.osPoolFree), (74 bytes).
    Removing cmsis_os.o(i.osRecursiveMutexCreate), (6 bytes).
    Removing cmsis_os.o(i.osRecursiveMutexRelease), (6 bytes).
    Removing cmsis_os.o(i.osRecursiveMutexWait), (6 bytes).
    Removing cmsis_os.o(i.osSemaphoreCreate), (44 bytes).
    Removing cmsis_os.o(i.osSemaphoreDelete), (24 bytes).
    Removing cmsis_os.o(i.osSemaphoreGetCount), (12 bytes).
    Removing cmsis_os.o(i.osSemaphoreRelease), (80 bytes).
    Removing cmsis_os.o(i.osSemaphoreWait), (108 bytes).
    Removing cmsis_os.o(i.osSignalSet), (96 bytes).
    Removing cmsis_os.o(i.osSignalWait), (98 bytes).
    Removing cmsis_os.o(i.osThreadGetId), (8 bytes).
    Removing cmsis_os.o(i.osThreadGetPriority), (38 bytes).
    Removing cmsis_os.o(i.osThreadList), (6 bytes).
    Removing cmsis_os.o(i.osThreadResume), (52 bytes).
    Removing cmsis_os.o(i.osThreadResumeAll), (18 bytes).
    Removing cmsis_os.o(i.osThreadSetPriority), (26 bytes).
    Removing cmsis_os.o(i.osThreadSuspend), (14 bytes).
    Removing cmsis_os.o(i.osThreadSuspendAll), (10 bytes).
    Removing cmsis_os.o(i.osThreadTerminate), (14 bytes).
    Removing cmsis_os.o(i.osThreadYield), (24 bytes).
    Removing cmsis_os.o(i.osTimerCreate), (6 bytes).
    Removing cmsis_os.o(i.osTimerDelete), (8 bytes).
    Removing cmsis_os.o(i.osTimerStart), (8 bytes).
    Removing cmsis_os.o(i.osTimerStop), (8 bytes).
    Removing utility.o(i.Delay), (10 bytes).
    Removing utility.o(i.Delay100ms), (22 bytes).
    Removing utility.o(i.Delay100us), (22 bytes).
    Removing utility.o(i.Delay10ms), (22 bytes).
    Removing xy_usart.o(i.fgetc), (32 bytes).
    Removing xy_key.o(i.Key_GPIO_Config), (80 bytes).
    Removing bme280.o(i.BME280_CompensateHumidityInt32), (280 bytes).
    Removing bme280.o(i.BME280_CompensatePressureInt32), (204 bytes).
    Removing bme280.o(i.BME280_CompensateTemperatureInt32), (76 bytes).
    Removing bme280.o(i.BME280_GPIO_Init), (80 bytes).
    Removing bme280.o(i.BME280_GetStandbyDurn), (28 bytes).
    Removing bme280.o(i.BME280_ReadPTH), (144 bytes).
    Removing bme280.o(i.BME280_ReadUncompPressureTemperature), (100 bytes).
    Removing bme280.o(i.BME280_ReadUncompPressuree), (52 bytes).
    Removing bme280.o(i.BME280_ReadUncompTemperature), (52 bytes).
    Removing bme280.o(i.BME280_SetPowerMode), (80 bytes).
    Removing bme280.o(i.BME280_SetSoftReset), (22 bytes).
    Removing bme280.o(i.BME280_SetStandbyDurn), (36 bytes).
    Removing bme280.o(i.BME_Write_Len), (96 bytes).
    Removing xy_measure.o(i.Measure_Process), (2 bytes).
    Removing bsp_rtc.o(i.RTCAlarmInit), (120 bytes).
    Removing bsp_rtc.o(.data), (4 bytes).
    Removing ddiv.o(.text), (222 bytes).
    Removing dflti.o(.text), (34 bytes).
    Removing dfltui.o(.text), (26 bytes).
    Removing d2f.o(.text), (56 bytes).
    Removing fepilogue.o(.text), (110 bytes).
    Removing depilogue.o(.text), (186 bytes).
    Removing dadd.o(.text), (334 bytes).
    Removing dmul.o(.text), (228 bytes).
    Removing dfixul.o(.text), (48 bytes).
    Removing cdrcmple.o(.text), (48 bytes).

595 unused section(s) (total 31042 bytes) removed from the image.

==============================================================================

Image Symbol Table

    Local Symbols

    Symbol Name                              Value     Ov Type        Size  Object(Section)

    ../clib/microlib/division.c              0x00000000   Number         0  uldiv.o ABSOLUTE
    ../clib/microlib/division.c              0x00000000   Number         0  uidiv.o ABSOLUTE
    ../clib/microlib/init/entry.s            0x00000000   Number         0  entry2.o ABSOLUTE
    ../clib/microlib/init/entry.s            0x00000000   Number         0  entry11b.o ABSOLUTE
    ../clib/microlib/init/entry.s            0x00000000   Number         0  entry.o ABSOLUTE
    ../clib/microlib/init/entry.s            0x00000000   Number         0  entry11a.o ABSOLUTE
    ../clib/microlib/init/entry.s            0x00000000   Number         0  entry10b.o ABSOLUTE
    ../clib/microlib/init/entry.s            0x00000000   Number         0  entry10a.o ABSOLUTE
    ../clib/microlib/init/entry.s            0x00000000   Number         0  entry9b.o ABSOLUTE
    ../clib/microlib/init/entry.s            0x00000000   Number         0  entry9a.o ABSOLUTE
    ../clib/microlib/init/entry.s            0x00000000   Number         0  entry8b.o ABSOLUTE
    ../clib/microlib/init/entry.s            0x00000000   Number         0  entry8a.o ABSOLUTE
    ../clib/microlib/init/entry.s            0x00000000   Number         0  entry7b.o ABSOLUTE
    ../clib/microlib/init/entry.s            0x00000000   Number         0  entry7a.o ABSOLUTE
    ../clib/microlib/init/entry.s            0x00000000   Number         0  entry5.o ABSOLUTE
    ../clib/microlib/longlong.c              0x00000000   Number         0  llshl.o ABSOLUTE
    ../clib/microlib/longlong.c              0x00000000   Number         0  llushr.o ABSOLUTE
    ../clib/microlib/longlong.c              0x00000000   Number         0  llsshr.o ABSOLUTE
    ../clib/microlib/printf/printf.c         0x00000000   Number         0  printf4.o ABSOLUTE
    ../clib/microlib/printf/printf.c         0x00000000   Number         0  printf7.o ABSOLUTE
    ../clib/microlib/printf/printf.c         0x00000000   Number         0  printf5.o ABSOLUTE
    ../clib/microlib/printf/printf.c         0x00000000   Number         0  printf3.o ABSOLUTE
    ../clib/microlib/printf/printf.c         0x00000000   Number         0  printf2.o ABSOLUTE
    ../clib/microlib/printf/printf.c         0x00000000   Number         0  printf1.o ABSOLUTE
    ../clib/microlib/printf/printf.c         0x00000000   Number         0  printf8.o ABSOLUTE
    ../clib/microlib/printf/printf.c         0x00000000   Number         0  printfb.o ABSOLUTE
    ../clib/microlib/printf/printf.c         0x00000000   Number         0  printf6.o ABSOLUTE
    ../clib/microlib/printf/printf.c         0x00000000   Number         0  printfa.o ABSOLUTE
    ../clib/microlib/printf/printf.c         0x00000000   Number         0  printf0.o ABSOLUTE
    ../clib/microlib/printf/stubs.s          0x00000000   Number         0  stubs.o ABSOLUTE
    ../clib/microlib/stdio/streams.c         0x00000000   Number         0  stdout.o ABSOLUTE
    ../clib/microlib/string/memcpy.c         0x00000000   Number         0  memcpyb.o ABSOLUTE
    ../clib/microlib/string/memcpy.c         0x00000000   Number         0  memcpya.o ABSOLUTE
    ../clib/microlib/string/memset.c         0x00000000   Number         0  memseta.o ABSOLUTE
    ../clib/microlib/stubs.s                 0x00000000   Number         0  iusefp.o ABSOLUTE
    ../fplib/microlib/d2f.c                  0x00000000   Number         0  d2f.o ABSOLUTE
    ../fplib/microlib/fpadd.c                0x00000000   Number         0  dadd.o ABSOLUTE
    ../fplib/microlib/fpdiv.c                0x00000000   Number         0  ddiv.o ABSOLUTE
    ../fplib/microlib/fpepilogue.c           0x00000000   Number         0  fepilogue.o ABSOLUTE
    ../fplib/microlib/fpepilogue.c           0x00000000   Number         0  depilogue.o ABSOLUTE
    ../fplib/microlib/fpfix.c                0x00000000   Number         0  dfixul.o ABSOLUTE
    ../fplib/microlib/fpflt.c                0x00000000   Number         0  dfltui.o ABSOLUTE
    ../fplib/microlib/fpflt.c                0x00000000   Number         0  dflti.o ABSOLUTE
    ../fplib/microlib/fpmul.c                0x00000000   Number         0  dmul.o ABSOLUTE
    ..\\system_code\\CMSIS\\core_cm3.c       0x00000000   Number         0  core_cm3.o ABSOLUTE
    ..\\system_code\\FreeRTOS\\Source\\CMSIS_RTOS\\cmsis_os.c 0x00000000   Number         0  cmsis_os.o ABSOLUTE
    ..\\system_code\\FreeRTOS\\Source\\portable\\RVDS\\ARM_CM3\\port.c 0x00000000   Number         0  port.o ABSOLUTE
    ..\system_code\CMSIS\core_cm3.c          0x00000000   Number         0  core_cm3.o ABSOLUTE
    ..\system_code\CMSIS\startup_stm32f10x_hd.s 0x00000000   Number         0  startup_stm32f10x_hd.o ABSOLUTE
    ..\system_code\CMSIS\stm32f10x_it.c      0x00000000   Number         0  stm32f10x_it.o ABSOLUTE
    ..\system_code\CMSIS\system_stm32f10x.c  0x00000000   Number         0  system_stm32f10x.o ABSOLUTE
    ..\system_code\FreeRTOS\Source\CMSIS_RTOS\cmsis_os.c 0x00000000   Number         0  cmsis_os.o ABSOLUTE
    ..\system_code\FreeRTOS\Source\croutine.c 0x00000000   Number         0  croutine.o ABSOLUTE
    ..\system_code\FreeRTOS\Source\event_groups.c 0x00000000   Number         0  event_groups.o ABSOLUTE
    ..\system_code\FreeRTOS\Source\list.c    0x00000000   Number         0  list.o ABSOLUTE
    ..\system_code\FreeRTOS\Source\portable\MemMang\heap_4.c 0x00000000   Number         0  heap_4.o ABSOLUTE
    ..\system_code\FreeRTOS\Source\portable\RVDS\ARM_CM3\port.c 0x00000000   Number         0  port.o ABSOLUTE
    ..\system_code\FreeRTOS\Source\queue.c   0x00000000   Number         0  queue.o ABSOLUTE
    ..\system_code\FreeRTOS\Source\tasks.c   0x00000000   Number         0  tasks.o ABSOLUTE
    ..\system_code\FreeRTOS\Source\timers.c  0x00000000   Number         0  timers.o ABSOLUTE
    ..\system_code\stdPeriph_Driver\src\misc.c 0x00000000   Number         0  misc.o ABSOLUTE
    ..\system_code\stdPeriph_Driver\src\stm32f10x_adc.c 0x00000000   Number         0  stm32f10x_adc.o ABSOLUTE
    ..\system_code\stdPeriph_Driver\src\stm32f10x_bkp.c 0x00000000   Number         0  stm32f10x_bkp.o ABSOLUTE
    ..\system_code\stdPeriph_Driver\src\stm32f10x_can.c 0x00000000   Number         0  stm32f10x_can.o ABSOLUTE
    ..\system_code\stdPeriph_Driver\src\stm32f10x_cec.c 0x00000000   Number         0  stm32f10x_cec.o ABSOLUTE
    ..\system_code\stdPeriph_Driver\src\stm32f10x_crc.c 0x00000000   Number         0  stm32f10x_crc.o ABSOLUTE
    ..\system_code\stdPeriph_Driver\src\stm32f10x_dac.c 0x00000000   Number         0  stm32f10x_dac.o ABSOLUTE
    ..\system_code\stdPeriph_Driver\src\stm32f10x_dbgmcu.c 0x00000000   Number         0  stm32f10x_dbgmcu.o ABSOLUTE
    ..\system_code\stdPeriph_Driver\src\stm32f10x_dma.c 0x00000000   Number         0  stm32f10x_dma.o ABSOLUTE
    ..\system_code\stdPeriph_Driver\src\stm32f10x_exti.c 0x00000000   Number         0  stm32f10x_exti.o ABSOLUTE
    ..\system_code\stdPeriph_Driver\src\stm32f10x_flash.c 0x00000000   Number         0  stm32f10x_flash.o ABSOLUTE
    ..\system_code\stdPeriph_Driver\src\stm32f10x_fsmc.c 0x00000000   Number         0  stm32f10x_fsmc.o ABSOLUTE
    ..\system_code\stdPeriph_Driver\src\stm32f10x_gpio.c 0x00000000   Number         0  stm32f10x_gpio.o ABSOLUTE
    ..\system_code\stdPeriph_Driver\src\stm32f10x_i2c.c 0x00000000   Number         0  stm32f10x_i2c.o ABSOLUTE
    ..\system_code\stdPeriph_Driver\src\stm32f10x_iwdg.c 0x00000000   Number         0  stm32f10x_iwdg.o ABSOLUTE
    ..\system_code\stdPeriph_Driver\src\stm32f10x_pwr.c 0x00000000   Number         0  stm32f10x_pwr.o ABSOLUTE
    ..\system_code\stdPeriph_Driver\src\stm32f10x_rcc.c 0x00000000   Number         0  stm32f10x_rcc.o ABSOLUTE
    ..\system_code\stdPeriph_Driver\src\stm32f10x_rtc.c 0x00000000   Number         0  stm32f10x_rtc.o ABSOLUTE
    ..\system_code\stdPeriph_Driver\src\stm32f10x_sdio.c 0x00000000   Number         0  stm32f10x_sdio.o ABSOLUTE
    ..\system_code\stdPeriph_Driver\src\stm32f10x_spi.c 0x00000000   Number         0  stm32f10x_spi.o ABSOLUTE
    ..\system_code\stdPeriph_Driver\src\stm32f10x_tim.c 0x00000000   Number         0  stm32f10x_tim.o ABSOLUTE
    ..\system_code\stdPeriph_Driver\src\stm32f10x_usart.c 0x00000000   Number         0  stm32f10x_usart.o ABSOLUTE
    ..\system_code\stdPeriph_Driver\src\stm32f10x_wwdg.c 0x00000000   Number         0  stm32f10x_wwdg.o ABSOLUTE
    ..\user_code\app_code\src\freertos.c     0x00000000   Number         0  freertos.o ABSOLUTE
    ..\user_code\app_code\src\main.c         0x00000000   Number         0  main.o ABSOLUTE
    ..\user_code\app_code\src\xy_config.c    0x00000000   Number         0  xy_config.o ABSOLUTE
    ..\user_code\app_code\src\xy_measure.c   0x00000000   Number         0  xy_measure.o ABSOLUTE
    ..\user_code\app_code\src\xy_usart1_task.c 0x00000000   Number         0  xy_usart1_task.o ABSOLUTE
    ..\user_code\driver_code\src\BME280\BME280.c 0x00000000   Number         0  bme280.o ABSOLUTE
    ..\user_code\driver_code\src\BME280\myiic.c 0x00000000   Number         0  myiic.o ABSOLUTE
    ..\user_code\driver_code\src\rtc\bsp_date.c 0x00000000   Number         0  bsp_date.o ABSOLUTE
    ..\user_code\driver_code\src\rtc\bsp_rtc.c 0x00000000   Number         0  bsp_rtc.o ABSOLUTE
    ..\user_code\driver_code\src\sys.c       0x00000000   Number         0  sys.o ABSOLUTE
    ..\user_code\driver_code\src\systick.c   0x00000000   Number         0  systick.o ABSOLUTE
    ..\user_code\driver_code\src\utility.c   0x00000000   Number         0  utility.o ABSOLUTE
    ..\user_code\driver_code\src\xy_EleValve.c 0x00000000   Number         0  xy_elevalve.o ABSOLUTE
    ..\user_code\driver_code\src\xy_key.c    0x00000000   Number         0  xy_key.o ABSOLUTE
    ..\user_code\driver_code\src\xy_usart.c  0x00000000   Number         0  xy_usart.o ABSOLUTE
    cdrcmple.s                               0x00000000   Number         0  cdrcmple.o ABSOLUTE
    dc.s                                     0x00000000   Number         0  dc.o ABSOLUTE
    handlers.s                               0x00000000   Number         0  handlers.o ABSOLUTE
    init.s                                   0x00000000   Number         0  init.o ABSOLUTE
    RESET                                    0x08000000   Section      304  startup_stm32f10x_hd.o(RESET)
    .ARM.Collect$$$$00000000                 0x08000130   Section        0  entry.o(.ARM.Collect$$$$00000000)
    .ARM.Collect$$$$00000001                 0x08000130   Section        4  entry2.o(.ARM.Collect$$$$00000001)
    .ARM.Collect$$$$00000004                 0x08000134   Section        4  entry5.o(.ARM.Collect$$$$00000004)
    .ARM.Collect$$$$00000008                 0x08000138   Section        0  entry7b.o(.ARM.Collect$$$$00000008)
    .ARM.Collect$$$$0000000A                 0x08000138   Section        0  entry8b.o(.ARM.Collect$$$$0000000A)
    .ARM.Collect$$$$0000000B                 0x08000138   Section        8  entry9a.o(.ARM.Collect$$$$0000000B)
    .ARM.Collect$$$$0000000D                 0x08000140   Section        0  entry10a.o(.ARM.Collect$$$$0000000D)
    .ARM.Collect$$$$0000000F                 0x08000140   Section        0  entry11a.o(.ARM.Collect$$$$0000000F)
    .ARM.Collect$$$$00002712                 0x08000140   Section        4  entry2.o(.ARM.Collect$$$$00002712)
    __lit__00000000                          0x08000140   Data           4  entry2.o(.ARM.Collect$$$$00002712)
    .emb_text                                0x08000144   Section      150  port.o(.emb_text)
    .text                                    0x080001dc   Section       36  startup_stm32f10x_hd.o(.text)
    .text                                    0x08000200   Section        0  memcpya.o(.text)
    .text                                    0x08000224   Section        0  memseta.o(.text)
    .text                                    0x08000248   Section        0  uidiv.o(.text)
    .text                                    0x08000274   Section       36  init.o(.text)
    i.BKP_DeInit                             0x08000298   Section        0  stm32f10x_bkp.o(i.BKP_DeInit)
    i.BKP_ReadBackupRegister                 0x080002a8   Section        0  stm32f10x_bkp.o(i.BKP_ReadBackupRegister)
    i.BKP_WriteBackupRegister                0x080002c4   Section        0  stm32f10x_bkp.o(i.BKP_WriteBackupRegister)
    i.BME280_CalibParam                      0x080002e0   Section        0  bme280.o(i.BME280_CalibParam)
    i.BME280_Chack                           0x08000444   Section        0  bme280.o(i.BME280_Chack)
    i.BME280_Init                            0x08000488   Section        0  bme280.o(i.BME280_Init)
    i.BME_IIC_Ack                            0x080004f0   Section        0  myiic.o(i.BME_IIC_Ack)
    i.BME_IIC_Init                           0x08000540   Section        0  myiic.o(i.BME_IIC_Init)
    i.BME_IIC_NAck                           0x08000578   Section        0  myiic.o(i.BME_IIC_NAck)
    i.BME_IIC_Read_Byte                      0x080005c8   Section        0  myiic.o(i.BME_IIC_Read_Byte)
    i.BME_IIC_Send_Byte                      0x08000638   Section        0  myiic.o(i.BME_IIC_Send_Byte)
    i.BME_IIC_Start                          0x080006ac   Section        0  myiic.o(i.BME_IIC_Start)
    i.BME_IIC_Stop                           0x080006f8   Section        0  myiic.o(i.BME_IIC_Stop)
    i.BME_IIC_Wait_Ack                       0x08000744   Section        0  myiic.o(i.BME_IIC_Wait_Ack)
    i.BME_Read_Byte                          0x080007a8   Section        0  bme280.o(i.BME_Read_Byte)
    i.BME_Read_Len                           0x080007f0   Section        0  bme280.o(i.BME_Read_Len)
    i.BME_Write_Byte                         0x08000864   Section        0  bme280.o(i.BME_Write_Byte)
    i.BusFault_Handler                       0x080008b0   Section        0  stm32f10x_it.o(i.BusFault_Handler)
    i.Clean_Key_status                       0x080008b4   Section        0  xy_key.o(i.Clean_Key_status)
    i.DebugMon_Handler                       0x080008c0   Section        0  stm32f10x_it.o(i.DebugMon_Handler)
    i.Delay1ms                               0x080008c2   Section        0  utility.o(i.Delay1ms)
    i.Delay1us                               0x080008e0   Section        0  utility.o(i.Delay1us)
    i.EValve_All_Close                       0x080008f4   Section        0  xy_elevalve.o(i.EValve_All_Close)
    i.EValve_GPIO_Config                     0x08000920   Section        0  xy_elevalve.o(i.EValve_GPIO_Config)
    i.EXTI9_5_IRQHandler                     0x08000978   Section        0  stm32f10x_it.o(i.EXTI9_5_IRQHandler)
    i.EXTI_ClearITPendingBit                 0x080009b4   Section        0  stm32f10x_exti.o(i.EXTI_ClearITPendingBit)
    i.EXTI_Init                              0x080009c0   Section        0  stm32f10x_exti.o(i.EXTI_Init)
    i.GPIO_EXTILineConfig                    0x08000a54   Section        0  stm32f10x_gpio.o(i.GPIO_EXTILineConfig)
    i.GPIO_Init                              0x08000a94   Section        0  stm32f10x_gpio.o(i.GPIO_Init)
    i.GPIO_ResetBits                         0x08000baa   Section        0  stm32f10x_gpio.o(i.GPIO_ResetBits)
    i.GPIO_SetBits                           0x08000bae   Section        0  stm32f10x_gpio.o(i.GPIO_SetBits)
    i.Get_System_clock_freequency            0x08000bb4   Section        0  xy_config.o(i.Get_System_clock_freequency)
    i.HardFault_Handler                      0x08000bd4   Section        0  stm32f10x_it.o(i.HardFault_Handler)
    i.Key_EXTI_Config                        0x08000bd8   Section        0  xy_key.o(i.Key_EXTI_Config)
    i.MX_FREERTOS_Init                       0x08000c40   Section        0  freertos.o(i.MX_FREERTOS_Init)
    i.MemManage_Handler                      0x08000c78   Section        0  stm32f10x_it.o(i.MemManage_Handler)
    i.NMI_Handler                            0x08000c7c   Section        0  stm32f10x_it.o(i.NMI_Handler)
    i.NVIC_Config                            0x08000c7e   Section        0  xy_config.o(i.NVIC_Config)
    i.NVIC_Init                              0x08000c90   Section        0  misc.o(i.NVIC_Init)
    i.NVIC_PriorityGroupConfig               0x08000d00   Section        0  misc.o(i.NVIC_PriorityGroupConfig)
    i.PWR_BackupAccessCmd                    0x08000d14   Section        0  stm32f10x_pwr.o(i.PWR_BackupAccessCmd)
    i.RCC_APB1PeriphClockCmd                 0x08000d20   Section        0  stm32f10x_rcc.o(i.RCC_APB1PeriphClockCmd)
    i.RCC_APB2PeriphClockCmd                 0x08000d40   Section        0  stm32f10x_rcc.o(i.RCC_APB2PeriphClockCmd)
    i.RCC_BackupResetCmd                     0x08000d60   Section        0  stm32f10x_rcc.o(i.RCC_BackupResetCmd)
    i.RCC_ClearFlag                          0x08000d6c   Section        0  stm32f10x_rcc.o(i.RCC_ClearFlag)
    i.RCC_GetClocksFreq                      0x08000d80   Section        0  stm32f10x_rcc.o(i.RCC_GetClocksFreq)
    i.RCC_GetFlagStatus                      0x08000e54   Section        0  stm32f10x_rcc.o(i.RCC_GetFlagStatus)
    i.RCC_LSEConfig                          0x08000e90   Section        0  stm32f10x_rcc.o(i.RCC_LSEConfig)
    i.RCC_RTCCLKCmd                          0x08000ec4   Section        0  stm32f10x_rcc.o(i.RCC_RTCCLKCmd)
    i.RCC_RTCCLKConfig                       0x08000ed0   Section        0  stm32f10x_rcc.o(i.RCC_RTCCLKConfig)
    i.RTC_CheckAndConfig                     0x08000ee0   Section        0  bsp_rtc.o(i.RTC_CheckAndConfig)
    i.RTC_ClearITPendingBit                  0x08000f58   Section        0  stm32f10x_rtc.o(i.RTC_ClearITPendingBit)
    i.RTC_Configuration                      0x08000f68   Section        0  bsp_rtc.o(i.RTC_Configuration)
    i.RTC_EnterConfigMode                    0x08000fc0   Section        0  stm32f10x_rtc.o(i.RTC_EnterConfigMode)
    i.RTC_ExitConfigMode                     0x08000fd4   Section        0  stm32f10x_rtc.o(i.RTC_ExitConfigMode)
    i.RTC_GetCounter                         0x08000fe8   Section        0  stm32f10x_rtc.o(i.RTC_GetCounter)
    i.RTC_GetITStatus                        0x08000ffc   Section        0  stm32f10x_rtc.o(i.RTC_GetITStatus)
    i.RTC_IRQHandler                         0x08001020   Section        0  stm32f10x_it.o(i.RTC_IRQHandler)
    i.RTC_ITConfig                           0x0800104c   Section        0  stm32f10x_rtc.o(i.RTC_ITConfig)
    i.RTC_SetCounter                         0x0800106c   Section        0  stm32f10x_rtc.o(i.RTC_SetCounter)
    i.RTC_SetPrescaler                       0x08001088   Section        0  stm32f10x_rtc.o(i.RTC_SetPrescaler)
    i.RTC_WaitForLastTask                    0x080010a8   Section        0  stm32f10x_rtc.o(i.RTC_WaitForLastTask)
    i.RTC_WaitForSynchro                     0x080010bc   Section        0  stm32f10x_rtc.o(i.RTC_WaitForSynchro)
    i.SDIO_IRQHandler                        0x080010e0   Section        0  stm32f10x_it.o(i.SDIO_IRQHandler)
    i.SetSysClock                            0x080010e2   Section        0  system_stm32f10x.o(i.SetSysClock)
    SetSysClock                              0x080010e3   Thumb Code     8  system_stm32f10x.o(i.SetSysClock)
    i.SetSysClockTo72                        0x080010ec   Section        0  system_stm32f10x.o(i.SetSysClockTo72)
    SetSysClockTo72                          0x080010ed   Thumb Code   214  system_stm32f10x.o(i.SetSysClockTo72)
    i.StartDefaultTask                       0x080011cc   Section        0  freertos.o(i.StartDefaultTask)
    i.SysTick_Handler                        0x0800124c   Section        0  systick.o(i.SysTick_Handler)
    i.SystemInit                             0x08001254   Section        0  system_stm32f10x.o(i.SystemInit)
    i.TIM2_IRQHandler                        0x080012b4   Section        0  stm32f10x_it.o(i.TIM2_IRQHandler)
    i.TIM6_IRQHandler                        0x080012b6   Section        0  stm32f10x_it.o(i.TIM6_IRQHandler)
    i.TIM7_IRQHandler                        0x080012b8   Section        0  stm32f10x_it.o(i.TIM7_IRQHandler)
    i.Time_Display                           0x080012bc   Section        0  bsp_rtc.o(i.Time_Display)
    i.Time_init                              0x08001324   Section        0  bsp_rtc.o(i.Time_init)
    i.USART1_Config                          0x08001358   Section        0  xy_usart.o(i.USART1_Config)
    i.USART1_IRQHandler                      0x080013f4   Section        0  stm32f10x_it.o(i.USART1_IRQHandler)
    i.USART1_NVIC_Config                     0x08001488   Section        0  xy_usart.o(i.USART1_NVIC_Config)
    USART1_NVIC_Config                       0x08001489   Thumb Code    34  xy_usart.o(i.USART1_NVIC_Config)
    i.USART_ClearFlag                        0x080014aa   Section        0  stm32f10x_usart.o(i.USART_ClearFlag)
    i.USART_Cmd                              0x080014bc   Section        0  stm32f10x_usart.o(i.USART_Cmd)
    i.USART_GetFlagStatus                    0x080014d4   Section        0  stm32f10x_usart.o(i.USART_GetFlagStatus)
    i.USART_ITConfig                         0x080014ee   Section        0  stm32f10x_usart.o(i.USART_ITConfig)
    i.USART_Init                             0x08001538   Section        0  stm32f10x_usart.o(i.USART_Init)
    i.USART_SendData                         0x08001610   Section        0  stm32f10x_usart.o(i.USART_SendData)
    i.UsageFault_Handler                     0x08001618   Section        0  stm32f10x_it.o(i.UsageFault_Handler)
    i.Usart1_Process_Task                    0x0800161c   Section        0  xy_usart1_task.o(i.Usart1_Process_Task)
    i.XY_driver_init                         0x08001664   Section        0  xy_config.o(i.XY_driver_init)
    i.__0printf$3                            0x08001690   Section        0  printf3.o(i.__0printf$3)
    i.__scatterload_copy                     0x080016b0   Section       14  handlers.o(i.__scatterload_copy)
    i.__scatterload_null                     0x080016be   Section        2  handlers.o(i.__scatterload_null)
    i.__scatterload_zeroinit                 0x080016c0   Section       14  handlers.o(i.__scatterload_zeroinit)
    i._printf_core                           0x080016d0   Section        0  printf3.o(i._printf_core)
    _printf_core                             0x080016d1   Thumb Code   436  printf3.o(i._printf_core)
    i.bsp_InitTimer                          0x08001888   Section        0  systick.o(i.bsp_InitTimer)
    i.delay_1us                              0x080018e8   Section        0  utility.o(i.delay_1us)
    delay_1us                                0x080018e9   Thumb Code    16  utility.o(i.delay_1us)
    i.fputc                                  0x080018f8   Section        0  xy_usart.o(i.fputc)
    i.main                                   0x0800191c   Section        0  main.o(i.main)
    i.makeFreeRtosPriority                   0x08001930   Section        0  cmsis_os.o(i.makeFreeRtosPriority)
    makeFreeRtosPriority                     0x08001931   Thumb Code    14  cmsis_os.o(i.makeFreeRtosPriority)
    i.mktimev                                0x08001940   Section        0  bsp_date.o(i.mktimev)
    i.osDelay                                0x080019c0   Section        0  cmsis_os.o(i.osDelay)
    i.osKernelStart                          0x080019d8   Section        0  cmsis_os.o(i.osKernelStart)
    i.osSystickHandler                       0x080019e2   Section        0  cmsis_os.o(i.osSystickHandler)
    i.osThreadCreate                         0x080019f2   Section        0  cmsis_os.o(i.osThreadCreate)
    i.prvAddCurrentTaskToDelayedList         0x08001a24   Section        0  tasks.o(i.prvAddCurrentTaskToDelayedList)
    prvAddCurrentTaskToDelayedList           0x08001a25   Thumb Code   124  tasks.o(i.prvAddCurrentTaskToDelayedList)
    i.prvAddNewTaskToReadyList               0x08001abc   Section        0  tasks.o(i.prvAddNewTaskToReadyList)
    prvAddNewTaskToReadyList                 0x08001abd   Thumb Code   150  tasks.o(i.prvAddNewTaskToReadyList)
    i.prvCheckTasksWaitingTermination        0x08001b70   Section        0  tasks.o(i.prvCheckTasksWaitingTermination)
    prvCheckTasksWaitingTermination          0x08001b71   Thumb Code    86  tasks.o(i.prvCheckTasksWaitingTermination)
    i.prvDeleteTCB                           0x08001bd4   Section        0  tasks.o(i.prvDeleteTCB)
    prvDeleteTCB                             0x08001bd5   Thumb Code    18  tasks.o(i.prvDeleteTCB)
    i.prvHeapInit                            0x08001be8   Section        0  heap_4.o(i.prvHeapInit)
    prvHeapInit                              0x08001be9   Thumb Code    98  heap_4.o(i.prvHeapInit)
    i.prvIdleTask                            0x08001c64   Section        0  tasks.o(i.prvIdleTask)
    prvIdleTask                              0x08001c65   Thumb Code    32  tasks.o(i.prvIdleTask)
    i.prvInitialiseNewTask                   0x08001c8c   Section        0  tasks.o(i.prvInitialiseNewTask)
    prvInitialiseNewTask                     0x08001c8d   Thumb Code   170  tasks.o(i.prvInitialiseNewTask)
    i.prvInitialiseTaskLists                 0x08001d38   Section        0  tasks.o(i.prvInitialiseTaskLists)
    prvInitialiseTaskLists                   0x08001d39   Thumb Code    70  tasks.o(i.prvInitialiseTaskLists)
    i.prvInsertBlockIntoFreeList             0x08001da0   Section        0  heap_4.o(i.prvInsertBlockIntoFreeList)
    prvInsertBlockIntoFreeList               0x08001da1   Thumb Code    96  heap_4.o(i.prvInsertBlockIntoFreeList)
    i.prvResetNextTaskUnblockTime            0x08001e08   Section        0  tasks.o(i.prvResetNextTaskUnblockTime)
    prvResetNextTaskUnblockTime              0x08001e09   Thumb Code    42  tasks.o(i.prvResetNextTaskUnblockTime)
    i.prvTaskExitError                       0x08001e3c   Section        0  port.o(i.prvTaskExitError)
    prvTaskExitError                         0x08001e3d   Thumb Code    60  port.o(i.prvTaskExitError)
    i.pvPortMalloc                           0x08001e7c   Section        0  heap_4.o(i.pvPortMalloc)
    i.pxPortInitialiseStack                  0x08001fb8   Section        0  port.o(i.pxPortInitialiseStack)
    i.to_tm                                  0x08001fdc   Section        0  bsp_date.o(i.to_tm)
    i.uxListRemove                           0x08002098   Section        0  list.o(i.uxListRemove)
    i.vListInitialise                        0x080020c0   Section        0  list.o(i.vListInitialise)
    i.vListInitialiseItem                    0x080020da   Section        0  list.o(i.vListInitialiseItem)
    i.vListInsert                            0x080020e0   Section        0  list.o(i.vListInsert)
    i.vListInsertEnd                         0x08002114   Section        0  list.o(i.vListInsertEnd)
    i.vPortEnterCritical                     0x0800212c   Section        0  port.o(i.vPortEnterCritical)
    i.vPortExitCritical                      0x08002180   Section        0  port.o(i.vPortExitCritical)
    i.vPortFree                              0x080021bc   Section        0  heap_4.o(i.vPortFree)
    i.vPortSetupTimerInterrupt               0x08002250   Section        0  port.o(i.vPortSetupTimerInterrupt)
    i.vTaskDelay                             0x08002270   Section        0  tasks.o(i.vTaskDelay)
    i.vTaskStartScheduler                    0x080022cc   Section        0  tasks.o(i.vTaskStartScheduler)
    i.vTaskSuspendAll                        0x08002354   Section        0  tasks.o(i.vTaskSuspendAll)
    i.vTaskSwitchContext                     0x08002364   Section        0  tasks.o(i.vTaskSwitchContext)
    i.xPortStartScheduler                    0x080023f0   Section        0  port.o(i.xPortStartScheduler)
    i.xPortSysTickHandler                    0x08002490   Section        0  port.o(i.xPortSysTickHandler)
    i.xTaskCreate                            0x080024c4   Section        0  tasks.o(i.xTaskCreate)
    i.xTaskGetSchedulerState                 0x08002524   Section        0  tasks.o(i.xTaskGetSchedulerState)
    i.xTaskIncrementTick                     0x08002544   Section        0  tasks.o(i.xTaskIncrementTick)
    i.xTaskResumeAll                         0x0800268c   Section        0  tasks.o(i.xTaskResumeAll)
    .constdata                               0x08002790   Section       40  freertos.o(.constdata)
    .conststring                             0x080027b8   Section      192  freertos.o(.conststring)
    .conststring                             0x08002878   Section      106  xy_config.o(.conststring)
    .data                                    0x20000000   Section        4  stm32f10x_it.o(.data)
    i                                        0x20000000   Data           4  stm32f10x_it.o(.data)
    .data                                    0x20000004   Section       20  system_stm32f10x.o(.data)
    .data                                    0x20000018   Section       20  stm32f10x_rcc.o(.data)
    APBAHBPrescTable                         0x20000018   Data          16  stm32f10x_rcc.o(.data)
    ADCPrescTable                            0x20000028   Data           4  stm32f10x_rcc.o(.data)
    .data                                    0x2000002c   Section       60  tasks.o(.data)
    pxDelayedTaskList                        0x20000030   Data           4  tasks.o(.data)
    pxOverflowDelayedTaskList                0x20000034   Data           4  tasks.o(.data)
    uxDeletedTasksWaitingCleanUp             0x20000038   Data           4  tasks.o(.data)
    uxCurrentNumberOfTasks                   0x2000003c   Data           4  tasks.o(.data)
    xTickCount                               0x20000040   Data           4  tasks.o(.data)
    uxTopReadyPriority                       0x20000044   Data           4  tasks.o(.data)
    xSchedulerRunning                        0x20000048   Data           4  tasks.o(.data)
    uxPendedTicks                            0x2000004c   Data           4  tasks.o(.data)
    xYieldPending                            0x20000050   Data           4  tasks.o(.data)
    xNumOfOverflows                          0x20000054   Data           4  tasks.o(.data)
    uxTaskNumber                             0x20000058   Data           4  tasks.o(.data)
    xNextTaskUnblockTime                     0x2000005c   Data           4  tasks.o(.data)
    xIdleTaskHandle                          0x20000060   Data           4  tasks.o(.data)
    uxSchedulerSuspended                     0x20000064   Data           4  tasks.o(.data)
    .data                                    0x20000068   Section       12  port.o(.data)
    uxCriticalNesting                        0x20000068   Data           4  port.o(.data)
    ucMaxSysCallPriority                     0x2000006c   Data           1  port.o(.data)
    ulMaxPRIGROUPValue                       0x20000070   Data           4  port.o(.data)
    .data                                    0x20000074   Section       24  heap_4.o(.data)
    xStart                                   0x20000074   Data           8  heap_4.o(.data)
    pxEnd                                    0x2000007c   Data           4  heap_4.o(.data)
    xFreeBytesRemaining                      0x20000080   Data           4  heap_4.o(.data)
    xMinimumEverFreeBytesRemaining           0x20000084   Data           4  heap_4.o(.data)
    xBlockAllocatedBit                       0x20000088   Data           4  heap_4.o(.data)
    .data                                    0x2000008c   Section        1  xy_key.o(.data)
    .data                                    0x20000090   Section       12  freertos.o(.data)
    .data                                    0x2000009c   Section       12  bsp_date.o(.data)
    .data                                    0x200000a8   Section        4  stdout.o(.data)
    .bss                                     0x200000ac   Section      240  tasks.o(.bss)
    pxReadyTasksLists                        0x200000ac   Data         140  tasks.o(.bss)
    xDelayedTaskList1                        0x20000138   Data          20  tasks.o(.bss)
    xDelayedTaskList2                        0x2000014c   Data          20  tasks.o(.bss)
    xPendingReadyList                        0x20000160   Data          20  tasks.o(.bss)
    xTasksWaitingTermination                 0x20000174   Data          20  tasks.o(.bss)
    xSuspendedTaskList                       0x20000188   Data          20  tasks.o(.bss)
    .bss                                     0x2000019c   Section     3072  heap_4.o(.bss)
    ucHeap                                   0x2000019c   Data        3072  heap_4.o(.bss)
    .bss                                     0x20000d9c   Section      256  xy_usart.o(.bss)
    .bss                                     0x20000e9c   Section       48  bme280.o(.bss)
    p_BME280                                 0x20000e9c   Data          48  bme280.o(.bss)
    .bss                                     0x20000ecc   Section       28  xy_config.o(.bss)
    STACK                                    0x20000ee8   Section     1024  startup_stm32f10x_hd.o(STACK)

    Global Symbols

    Symbol Name                              Value     Ov Type        Size  Object(Section)

    BuildAttributes$$THM_ISAv4$P$D$K$B$S$PE$A:L22UL41UL21$X:L11$S22US41US21$IEEE1$IW$USESV6$~STKCKD$USESV7$~SHL$OTIME$ROPI$EBA8$MICROLIB$REQ8$PRES8$EABIv2 0x00000000   Number         0  anon$$obj.o ABSOLUTE
    __ARM_use_no_argv                        0x00000000   Number         0  main.o ABSOLUTE
    _printf_a                                0x00000000   Number         0  stubs.o ABSOLUTE
    _printf_c                                0x00000000   Number         0  stubs.o ABSOLUTE
    _printf_charcount                        0x00000000   Number         0  stubs.o ABSOLUTE
    _printf_d                                0x00000000   Number         0  stubs.o ABSOLUTE
    _printf_e                                0x00000000   Number         0  stubs.o ABSOLUTE
    _printf_f                                0x00000000   Number         0  stubs.o ABSOLUTE
    _printf_flags                            0x00000000   Number         0  stubs.o ABSOLUTE
    _printf_fp_dec                           0x00000000   Number         0  stubs.o ABSOLUTE
    _printf_fp_hex                           0x00000000   Number         0  stubs.o ABSOLUTE
    _printf_g                                0x00000000   Number         0  stubs.o ABSOLUTE
    _printf_i                                0x00000000   Number         0  stubs.o ABSOLUTE
    _printf_int_dec                          0x00000000   Number         0  stubs.o ABSOLUTE
    _printf_l                                0x00000000   Number         0  stubs.o ABSOLUTE
    _printf_lc                               0x00000000   Number         0  stubs.o ABSOLUTE
    _printf_ll                               0x00000000   Number         0  stubs.o ABSOLUTE
    _printf_lld                              0x00000000   Number         0  stubs.o ABSOLUTE
    _printf_lli                              0x00000000   Number         0  stubs.o ABSOLUTE
    _printf_llo                              0x00000000   Number         0  stubs.o ABSOLUTE
    _printf_llu                              0x00000000   Number         0  stubs.o ABSOLUTE
    _printf_llx                              0x00000000   Number         0  stubs.o ABSOLUTE
    _printf_longlong_dec                     0x00000000   Number         0  stubs.o ABSOLUTE
    _printf_longlong_hex                     0x00000000   Number         0  stubs.o ABSOLUTE
    _printf_longlong_oct                     0x00000000   Number         0  stubs.o ABSOLUTE
    _printf_ls                               0x00000000   Number         0  stubs.o ABSOLUTE
    _printf_mbtowc                           0x00000000   Number         0  stubs.o ABSOLUTE
    _printf_n                                0x00000000   Number         0  stubs.o ABSOLUTE
    _printf_o                                0x00000000   Number         0  stubs.o ABSOLUTE
    _printf_p                                0x00000000   Number         0  stubs.o ABSOLUTE
    _printf_percent                          0x00000000   Number         0  stubs.o ABSOLUTE
    _printf_pre_padding                      0x00000000   Number         0  stubs.o ABSOLUTE
    _printf_return_value                     0x00000000   Number         0  stubs.o ABSOLUTE
    _printf_s                                0x00000000   Number         0  stubs.o ABSOLUTE
    _printf_sizespec                         0x00000000   Number         0  stubs.o ABSOLUTE
    _printf_str                              0x00000000   Number         0  stubs.o ABSOLUTE
    _printf_truncate_signed                  0x00000000   Number         0  stubs.o ABSOLUTE
    _printf_truncate_unsigned                0x00000000   Number         0  stubs.o ABSOLUTE
    _printf_u                                0x00000000   Number         0  stubs.o ABSOLUTE
    _printf_wc                               0x00000000   Number         0  stubs.o ABSOLUTE
    _printf_wctomb                           0x00000000   Number         0  stubs.o ABSOLUTE
    _printf_widthprec                        0x00000000   Number         0  stubs.o ABSOLUTE
    _printf_x                                0x00000000   Number         0  stubs.o ABSOLUTE
    __cpp_initialize__aeabi_                  - Undefined Weak Reference
    __cxa_finalize                            - Undefined Weak Reference
    __decompress                              - Undefined Weak Reference
    _clock_init                               - Undefined Weak Reference
    _microlib_exit                            - Undefined Weak Reference
    __Vectors_Size                           0x00000130   Number         0  startup_stm32f10x_hd.o ABSOLUTE
    __Vectors                                0x08000000   Data           4  startup_stm32f10x_hd.o(RESET)
    __Vectors_End                            0x08000130   Data           0  startup_stm32f10x_hd.o(RESET)
    __main                                   0x08000131   Thumb Code     0  entry.o(.ARM.Collect$$$$00000000)
    _main_stk                                0x08000131   Thumb Code     0  entry2.o(.ARM.Collect$$$$00000001)
    _main_scatterload                        0x08000135   Thumb Code     0  entry5.o(.ARM.Collect$$$$00000004)
    __main_after_scatterload                 0x08000139   Thumb Code     0  entry5.o(.ARM.Collect$$$$00000004)
    _main_clock                              0x08000139   Thumb Code     0  entry7b.o(.ARM.Collect$$$$00000008)
    _main_cpp_init                           0x08000139   Thumb Code     0  entry8b.o(.ARM.Collect$$$$0000000A)
    _main_init                               0x08000139   Thumb Code     0  entry9a.o(.ARM.Collect$$$$0000000B)
    __rt_final_cpp                           0x08000141   Thumb Code     0  entry10a.o(.ARM.Collect$$$$0000000D)
    __rt_final_exit                          0x08000141   Thumb Code     0  entry11a.o(.ARM.Collect$$$$0000000F)
    SVC_Handler                              0x08000145   Thumb Code    32  port.o(.emb_text)
    __asm___6_port_c_39a90d8d__prvStartFirstTask 0x08000169   Thumb Code    28  port.o(.emb_text)
    PendSV_Handler                           0x08000189   Thumb Code    72  port.o(.emb_text)
    vPortGetIPSR                             0x080001d5   Thumb Code     6  port.o(.emb_text)
    Reset_Handler                            0x080001dd   Thumb Code     8  startup_stm32f10x_hd.o(.text)
    ADC1_2_IRQHandler                        0x080001f7   Thumb Code     0  startup_stm32f10x_hd.o(.text)
    ADC3_IRQHandler                          0x080001f7   Thumb Code     0  startup_stm32f10x_hd.o(.text)
    CAN1_RX1_IRQHandler                      0x080001f7   Thumb Code     0  startup_stm32f10x_hd.o(.text)
    CAN1_SCE_IRQHandler                      0x080001f7   Thumb Code     0  startup_stm32f10x_hd.o(.text)
    DMA1_Channel1_IRQHandler                 0x080001f7   Thumb Code     0  startup_stm32f10x_hd.o(.text)
    DMA1_Channel2_IRQHandler                 0x080001f7   Thumb Code     0  startup_stm32f10x_hd.o(.text)
    DMA1_Channel3_IRQHandler                 0x080001f7   Thumb Code     0  startup_stm32f10x_hd.o(.text)
    DMA1_Channel4_IRQHandler                 0x080001f7   Thumb Code     0  startup_stm32f10x_hd.o(.text)
    DMA1_Channel5_IRQHandler                 0x080001f7   Thumb Code     0  startup_stm32f10x_hd.o(.text)
    DMA1_Channel6_IRQHandler                 0x080001f7   Thumb Code     0  startup_stm32f10x_hd.o(.text)
    DMA1_Channel7_IRQHandler                 0x080001f7   Thumb Code     0  startup_stm32f10x_hd.o(.text)
    DMA2_Channel1_IRQHandler                 0x080001f7   Thumb Code     0  startup_stm32f10x_hd.o(.text)
    DMA2_Channel2_IRQHandler                 0x080001f7   Thumb Code     0  startup_stm32f10x_hd.o(.text)
    DMA2_Channel3_IRQHandler                 0x080001f7   Thumb Code     0  startup_stm32f10x_hd.o(.text)
    DMA2_Channel4_5_IRQHandler               0x080001f7   Thumb Code     0  startup_stm32f10x_hd.o(.text)
    EXTI0_IRQHandler                         0x080001f7   Thumb Code     0  startup_stm32f10x_hd.o(.text)
    EXTI15_10_IRQHandler                     0x080001f7   Thumb Code     0  startup_stm32f10x_hd.o(.text)
    EXTI1_IRQHandler                         0x080001f7   Thumb Code     0  startup_stm32f10x_hd.o(.text)
    EXTI2_IRQHandler                         0x080001f7   Thumb Code     0  startup_stm32f10x_hd.o(.text)
    EXTI3_IRQHandler                         0x080001f7   Thumb Code     0  startup_stm32f10x_hd.o(.text)
    EXTI4_IRQHandler                         0x080001f7   Thumb Code     0  startup_stm32f10x_hd.o(.text)
    FLASH_IRQHandler                         0x080001f7   Thumb Code     0  startup_stm32f10x_hd.o(.text)
    FSMC_IRQHandler                          0x080001f7   Thumb Code     0  startup_stm32f10x_hd.o(.text)
    I2C1_ER_IRQHandler                       0x080001f7   Thumb Code     0  startup_stm32f10x_hd.o(.text)
    I2C1_EV_IRQHandler                       0x080001f7   Thumb Code     0  startup_stm32f10x_hd.o(.text)
    I2C2_ER_IRQHandler                       0x080001f7   Thumb Code     0  startup_stm32f10x_hd.o(.text)
    I2C2_EV_IRQHandler                       0x080001f7   Thumb Code     0  startup_stm32f10x_hd.o(.text)
    PVD_IRQHandler                           0x080001f7   Thumb Code     0  startup_stm32f10x_hd.o(.text)
    RCC_IRQHandler                           0x080001f7   Thumb Code     0  startup_stm32f10x_hd.o(.text)
    RTCAlarm_IRQHandler                      0x080001f7   Thumb Code     0  startup_stm32f10x_hd.o(.text)
    SPI1_IRQHandler                          0x080001f7   Thumb Code     0  startup_stm32f10x_hd.o(.text)
    SPI2_IRQHandler                          0x080001f7   Thumb Code     0  startup_stm32f10x_hd.o(.text)
    SPI3_IRQHandler                          0x080001f7   Thumb Code     0  startup_stm32f10x_hd.o(.text)
    TAMPER_IRQHandler                        0x080001f7   Thumb Code     0  startup_stm32f10x_hd.o(.text)
    TIM1_BRK_IRQHandler                      0x080001f7   Thumb Code     0  startup_stm32f10x_hd.o(.text)
    TIM1_CC_IRQHandler                       0x080001f7   Thumb Code     0  startup_stm32f10x_hd.o(.text)
    TIM1_TRG_COM_IRQHandler                  0x080001f7   Thumb Code     0  startup_stm32f10x_hd.o(.text)
    TIM1_UP_IRQHandler                       0x080001f7   Thumb Code     0  startup_stm32f10x_hd.o(.text)
    TIM3_IRQHandler                          0x080001f7   Thumb Code     0  startup_stm32f10x_hd.o(.text)
    TIM4_IRQHandler                          0x080001f7   Thumb Code     0  startup_stm32f10x_hd.o(.text)
    TIM5_IRQHandler                          0x080001f7   Thumb Code     0  startup_stm32f10x_hd.o(.text)
    TIM8_BRK_IRQHandler                      0x080001f7   Thumb Code     0  startup_stm32f10x_hd.o(.text)
    TIM8_CC_IRQHandler                       0x080001f7   Thumb Code     0  startup_stm32f10x_hd.o(.text)
    TIM8_TRG_COM_IRQHandler                  0x080001f7   Thumb Code     0  startup_stm32f10x_hd.o(.text)
    TIM8_UP_IRQHandler                       0x080001f7   Thumb Code     0  startup_stm32f10x_hd.o(.text)
    UART4_IRQHandler                         0x080001f7   Thumb Code     0  startup_stm32f10x_hd.o(.text)
    UART5_IRQHandler                         0x080001f7   Thumb Code     0  startup_stm32f10x_hd.o(.text)
    USART2_IRQHandler                        0x080001f7   Thumb Code     0  startup_stm32f10x_hd.o(.text)
    USART3_IRQHandler                        0x080001f7   Thumb Code     0  startup_stm32f10x_hd.o(.text)
    USBWakeUp_IRQHandler                     0x080001f7   Thumb Code     0  startup_stm32f10x_hd.o(.text)
    USB_HP_CAN1_TX_IRQHandler                0x080001f7   Thumb Code     0  startup_stm32f10x_hd.o(.text)
    USB_LP_CAN1_RX0_IRQHandler               0x080001f7   Thumb Code     0  startup_stm32f10x_hd.o(.text)
    WWDG_IRQHandler                          0x080001f7   Thumb Code     0  startup_stm32f10x_hd.o(.text)
    __aeabi_memcpy                           0x08000201   Thumb Code    36  memcpya.o(.text)
    __aeabi_memcpy4                          0x08000201   Thumb Code     0  memcpya.o(.text)
    __aeabi_memcpy8                          0x08000201   Thumb Code     0  memcpya.o(.text)
    __aeabi_memset                           0x08000225   Thumb Code    14  memseta.o(.text)
    __aeabi_memset4                          0x08000225   Thumb Code     0  memseta.o(.text)
    __aeabi_memset8                          0x08000225   Thumb Code     0  memseta.o(.text)
    __aeabi_memclr                           0x08000233   Thumb Code     4  memseta.o(.text)
    __aeabi_memclr4                          0x08000233   Thumb Code     0  memseta.o(.text)
    __aeabi_memclr8                          0x08000233   Thumb Code     0  memseta.o(.text)
    _memset$wrapper                          0x08000237   Thumb Code    18  memseta.o(.text)
    __aeabi_uidiv                            0x08000249   Thumb Code     0  uidiv.o(.text)
    __aeabi_uidivmod                         0x08000249   Thumb Code    44  uidiv.o(.text)
    __scatterload                            0x08000275   Thumb Code    28  init.o(.text)
    __scatterload_rt2                        0x08000275   Thumb Code     0  init.o(.text)
    BKP_DeInit                               0x08000299   Thumb Code    16  stm32f10x_bkp.o(i.BKP_DeInit)
    BKP_ReadBackupRegister                   0x080002a9   Thumb Code    24  stm32f10x_bkp.o(i.BKP_ReadBackupRegister)
    BKP_WriteBackupRegister                  0x080002c5   Thumb Code    22  stm32f10x_bkp.o(i.BKP_WriteBackupRegister)
    BME280_CalibParam                        0x080002e1   Thumb Code   352  bme280.o(i.BME280_CalibParam)
    BME280_Chack                             0x08000445   Thumb Code    62  bme280.o(i.BME280_Chack)
    BME280_Init                              0x08000489   Thumb Code   104  bme280.o(i.BME280_Init)
    BME_IIC_Ack                              0x080004f1   Thumb Code    66  myiic.o(i.BME_IIC_Ack)
    BME_IIC_Init                             0x08000541   Thumb Code    50  myiic.o(i.BME_IIC_Init)
    BME_IIC_NAck                             0x08000579   Thumb Code    66  myiic.o(i.BME_IIC_NAck)
    BME_IIC_Read_Byte                        0x080005c9   Thumb Code    98  myiic.o(i.BME_IIC_Read_Byte)
    BME_IIC_Send_Byte                        0x08000639   Thumb Code   104  myiic.o(i.BME_IIC_Send_Byte)
    BME_IIC_Start                            0x080006ad   Thumb Code    64  myiic.o(i.BME_IIC_Start)
    BME_IIC_Stop                             0x080006f9   Thumb Code    62  myiic.o(i.BME_IIC_Stop)
    BME_IIC_Wait_Ack                         0x08000745   Thumb Code    86  myiic.o(i.BME_IIC_Wait_Ack)
    BME_Read_Byte                            0x080007a9   Thumb Code    72  bme280.o(i.BME_Read_Byte)
    BME_Read_Len                             0x080007f1   Thumb Code   116  bme280.o(i.BME_Read_Len)
    BME_Write_Byte                           0x08000865   Thumb Code    76  bme280.o(i.BME_Write_Byte)
    BusFault_Handler                         0x080008b1   Thumb Code     4  stm32f10x_it.o(i.BusFault_Handler)
    Clean_Key_status                         0x080008b5   Thumb Code     8  xy_key.o(i.Clean_Key_status)
    DebugMon_Handler                         0x080008c1   Thumb Code     2  stm32f10x_it.o(i.DebugMon_Handler)
    Delay1ms                                 0x080008c3   Thumb Code    30  utility.o(i.Delay1ms)
    Delay1us                                 0x080008e1   Thumb Code    20  utility.o(i.Delay1us)
    EValve_All_Close                         0x080008f5   Thumb Code    32  xy_elevalve.o(i.EValve_All_Close)
    EValve_GPIO_Config                       0x08000921   Thumb Code    76  xy_elevalve.o(i.EValve_GPIO_Config)
    EXTI9_5_IRQHandler                       0x08000979   Thumb Code    18  stm32f10x_it.o(i.EXTI9_5_IRQHandler)
    EXTI_ClearITPendingBit                   0x080009b5   Thumb Code     6  stm32f10x_exti.o(i.EXTI_ClearITPendingBit)
    EXTI_Init                                0x080009c1   Thumb Code   142  stm32f10x_exti.o(i.EXTI_Init)
    GPIO_EXTILineConfig                      0x08000a55   Thumb Code    60  stm32f10x_gpio.o(i.GPIO_EXTILineConfig)
    GPIO_Init                                0x08000a95   Thumb Code   278  stm32f10x_gpio.o(i.GPIO_Init)
    GPIO_ResetBits                           0x08000bab   Thumb Code     4  stm32f10x_gpio.o(i.GPIO_ResetBits)
    GPIO_SetBits                             0x08000baf   Thumb Code     4  stm32f10x_gpio.o(i.GPIO_SetBits)
    Get_System_clock_freequency              0x08000bb5   Thumb Code    26  xy_config.o(i.Get_System_clock_freequency)
    HardFault_Handler                        0x08000bd5   Thumb Code     4  stm32f10x_it.o(i.HardFault_Handler)
    Key_EXTI_Config                          0x08000bd9   Thumb Code    98  xy_key.o(i.Key_EXTI_Config)
    MX_FREERTOS_Init                         0x08000c41   Thumb Code    44  freertos.o(i.MX_FREERTOS_Init)
    MemManage_Handler                        0x08000c79   Thumb Code     4  stm32f10x_it.o(i.MemManage_Handler)
    NMI_Handler                              0x08000c7d   Thumb Code     2  stm32f10x_it.o(i.NMI_Handler)
    NVIC_Config                              0x08000c7f   Thumb Code    18  xy_config.o(i.NVIC_Config)
    NVIC_Init                                0x08000c91   Thumb Code   100  misc.o(i.NVIC_Init)
    NVIC_PriorityGroupConfig                 0x08000d01   Thumb Code    10  misc.o(i.NVIC_PriorityGroupConfig)
    PWR_BackupAccessCmd                      0x08000d15   Thumb Code     6  stm32f10x_pwr.o(i.PWR_BackupAccessCmd)
    RCC_APB1PeriphClockCmd                   0x08000d21   Thumb Code    26  stm32f10x_rcc.o(i.RCC_APB1PeriphClockCmd)
    RCC_APB2PeriphClockCmd                   0x08000d41   Thumb Code    26  stm32f10x_rcc.o(i.RCC_APB2PeriphClockCmd)
    RCC_BackupResetCmd                       0x08000d61   Thumb Code     6  stm32f10x_rcc.o(i.RCC_BackupResetCmd)
    RCC_ClearFlag                            0x08000d6d   Thumb Code    14  stm32f10x_rcc.o(i.RCC_ClearFlag)
    RCC_GetClocksFreq                        0x08000d81   Thumb Code   192  stm32f10x_rcc.o(i.RCC_GetClocksFreq)
    RCC_GetFlagStatus                        0x08000e55   Thumb Code    56  stm32f10x_rcc.o(i.RCC_GetFlagStatus)
    RCC_LSEConfig                            0x08000e91   Thumb Code    46  stm32f10x_rcc.o(i.RCC_LSEConfig)
    RCC_RTCCLKCmd                            0x08000ec5   Thumb Code     6  stm32f10x_rcc.o(i.RCC_RTCCLKCmd)
    RCC_RTCCLKConfig                         0x08000ed1   Thumb Code    12  stm32f10x_rcc.o(i.RCC_RTCCLKConfig)
    RTC_CheckAndConfig                       0x08000ee1   Thumb Code   118  bsp_rtc.o(i.RTC_CheckAndConfig)
    RTC_ClearITPendingBit                    0x08000f59   Thumb Code    12  stm32f10x_rtc.o(i.RTC_ClearITPendingBit)
    RTC_Configuration                        0x08000f69   Thumb Code    88  bsp_rtc.o(i.RTC_Configuration)
    RTC_EnterConfigMode                      0x08000fc1   Thumb Code    14  stm32f10x_rtc.o(i.RTC_EnterConfigMode)
    RTC_ExitConfigMode                       0x08000fd5   Thumb Code    16  stm32f10x_rtc.o(i.RTC_ExitConfigMode)
    RTC_GetCounter                           0x08000fe9   Thumb Code    16  stm32f10x_rtc.o(i.RTC_GetCounter)
    RTC_GetITStatus                          0x08000ffd   Thumb Code    32  stm32f10x_rtc.o(i.RTC_GetITStatus)
    RTC_IRQHandler                           0x08001021   Thumb Code    42  stm32f10x_it.o(i.RTC_IRQHandler)
    RTC_ITConfig                             0x0800104d   Thumb Code    26  stm32f10x_rtc.o(i.RTC_ITConfig)
    RTC_SetCounter                           0x0800106d   Thumb Code    24  stm32f10x_rtc.o(i.RTC_SetCounter)
    RTC_SetPrescaler                         0x08001089   Thumb Code    26  stm32f10x_rtc.o(i.RTC_SetPrescaler)
    RTC_WaitForLastTask                      0x080010a9   Thumb Code    16  stm32f10x_rtc.o(i.RTC_WaitForLastTask)
    RTC_WaitForSynchro                       0x080010bd   Thumb Code    30  stm32f10x_rtc.o(i.RTC_WaitForSynchro)
    SDIO_IRQHandler                          0x080010e1   Thumb Code     2  stm32f10x_it.o(i.SDIO_IRQHandler)
    StartDefaultTask                         0x080011cd   Thumb Code   112  freertos.o(i.StartDefaultTask)
    SysTick_Handler                          0x0800124d   Thumb Code     8  systick.o(i.SysTick_Handler)
    SystemInit                               0x08001255   Thumb Code    78  system_stm32f10x.o(i.SystemInit)
    TIM2_IRQHandler                          0x080012b5   Thumb Code     2  stm32f10x_it.o(i.TIM2_IRQHandler)
    TIM6_IRQHandler                          0x080012b7   Thumb Code     2  stm32f10x_it.o(i.TIM6_IRQHandler)
    TIM7_IRQHandler                          0x080012b9   Thumb Code     2  stm32f10x_it.o(i.TIM7_IRQHandler)
    Time_Display                             0x080012bd   Thumb Code    52  bsp_rtc.o(i.Time_Display)
    Time_init                                0x08001325   Thumb Code    50  bsp_rtc.o(i.Time_init)
    USART1_Config                            0x08001359   Thumb Code   148  xy_usart.o(i.USART1_Config)
    USART1_IRQHandler                        0x080013f5   Thumb Code   136  stm32f10x_it.o(i.USART1_IRQHandler)
    USART_ClearFlag                          0x080014ab   Thumb Code    18  stm32f10x_usart.o(i.USART_ClearFlag)
    USART_Cmd                                0x080014bd   Thumb Code    24  stm32f10x_usart.o(i.USART_Cmd)
    USART_GetFlagStatus                      0x080014d5   Thumb Code    26  stm32f10x_usart.o(i.USART_GetFlagStatus)
    USART_ITConfig                           0x080014ef   Thumb Code    74  stm32f10x_usart.o(i.USART_ITConfig)
    USART_Init                               0x08001539   Thumb Code   210  stm32f10x_usart.o(i.USART_Init)
    USART_SendData                           0x08001611   Thumb Code     8  stm32f10x_usart.o(i.USART_SendData)
    UsageFault_Handler                       0x08001619   Thumb Code     4  stm32f10x_it.o(i.UsageFault_Handler)
    Usart1_Process_Task                      0x0800161d   Thumb Code    42  xy_usart1_task.o(i.Usart1_Process_Task)
    XY_driver_init                           0x08001665   Thumb Code    38  xy_config.o(i.XY_driver_init)
    __0printf$3                              0x08001691   Thumb Code    22  printf3.o(i.__0printf$3)
    __1printf$3                              0x08001691   Thumb Code     0  printf3.o(i.__0printf$3)
    __2printf                                0x08001691   Thumb Code     0  printf3.o(i.__0printf$3)
    __scatterload_copy                       0x080016b1   Thumb Code    14  handlers.o(i.__scatterload_copy)
    __scatterload_null                       0x080016bf   Thumb Code     2  handlers.o(i.__scatterload_null)
    __scatterload_zeroinit                   0x080016c1   Thumb Code    14  handlers.o(i.__scatterload_zeroinit)
    bsp_InitTimer                            0x08001889   Thumb Code    84  systick.o(i.bsp_InitTimer)
    fputc                                    0x080018f9   Thumb Code    32  xy_usart.o(i.fputc)
    main                                     0x0800191d   Thumb Code    20  main.o(i.main)
    mktimev                                  0x08001941   Thumb Code   124  bsp_date.o(i.mktimev)
    osDelay                                  0x080019c1   Thumb Code    24  cmsis_os.o(i.osDelay)
    osKernelStart                            0x080019d9   Thumb Code    10  cmsis_os.o(i.osKernelStart)
    osSystickHandler                         0x080019e3   Thumb Code    16  cmsis_os.o(i.osSystickHandler)
    osThreadCreate                           0x080019f3   Thumb Code    48  cmsis_os.o(i.osThreadCreate)
    pvPortMalloc                             0x08001e7d   Thumb Code   296  heap_4.o(i.pvPortMalloc)
    pxPortInitialiseStack                    0x08001fb9   Thumb Code    30  port.o(i.pxPortInitialiseStack)
    to_tm                                    0x08001fdd   Thumb Code   178  bsp_date.o(i.to_tm)
    uxListRemove                             0x08002099   Thumb Code    40  list.o(i.uxListRemove)
    vListInitialise                          0x080020c1   Thumb Code    26  list.o(i.vListInitialise)
    vListInitialiseItem                      0x080020db   Thumb Code     6  list.o(i.vListInitialiseItem)
    vListInsert                              0x080020e1   Thumb Code    52  list.o(i.vListInsert)
    vListInsertEnd                           0x08002115   Thumb Code    24  list.o(i.vListInsertEnd)
    vPortEnterCritical                       0x0800212d   Thumb Code    76  port.o(i.vPortEnterCritical)
    vPortExitCritical                        0x08002181   Thumb Code    56  port.o(i.vPortExitCritical)
    vPortFree                                0x080021bd   Thumb Code   140  heap_4.o(i.vPortFree)
    vPortSetupTimerInterrupt                 0x08002251   Thumb Code    26  port.o(i.vPortSetupTimerInterrupt)
    vTaskDelay                               0x08002271   Thumb Code    82  tasks.o(i.vTaskDelay)
    vTaskStartScheduler                      0x080022cd   Thumb Code   108  tasks.o(i.vTaskStartScheduler)
    vTaskSuspendAll                          0x08002355   Thumb Code    12  tasks.o(i.vTaskSuspendAll)
    vTaskSwitchContext                       0x08002365   Thumb Code   118  tasks.o(i.vTaskSwitchContext)
    xPortStartScheduler                      0x080023f1   Thumb Code   140  port.o(i.xPortStartScheduler)
    xPortSysTickHandler                      0x08002491   Thumb Code    46  port.o(i.xPortSysTickHandler)
    xTaskCreate                              0x080024c5   Thumb Code    96  tasks.o(i.xTaskCreate)
    xTaskGetSchedulerState                   0x08002525   Thumb Code    24  tasks.o(i.xTaskGetSchedulerState)
    xTaskIncrementTick                       0x08002545   Thumb Code   282  tasks.o(i.xTaskIncrementTick)
    xTaskResumeAll                           0x0800268d   Thumb Code   224  tasks.o(i.xTaskResumeAll)
    Region$$Table$$Base                      0x080028e4   Number         0  anon$$obj.o(Region$$Table)
    Region$$Table$$Limit                     0x08002904   Number         0  anon$$obj.o(Region$$Table)
    SystemCoreClock                          0x20000004   Data           4  system_stm32f10x.o(.data)
    AHBPrescTable                            0x20000008   Data          16  system_stm32f10x.o(.data)
    pxCurrentTCB                             0x2000002c   Data           4  tasks.o(.data)
    BtnPressedFlag                           0x2000008c   Data           1  xy_key.o(.data)
    defaultTaskHandle                        0x20000090   Data           4  freertos.o(.data)
    usart_Task_Handle                        0x20000094   Data           4  freertos.o(.data)
    a                                        0x20000098   Data           4  freertos.o(.data)
    month_days                               0x2000009c   Data          12  bsp_date.o(.data)
    __stdout                                 0x200000a8   Data           4  stdout.o(.data)
    Usart1                                   0x20000d9c   Data         256  xy_usart.o(.bss)
    systmtime                                0x20000ecc   Data          28  xy_config.o(.bss)
    __initial_sp                             0x200012e8   Data           0  startup_stm32f10x_hd.o(STACK)



==============================================================================

Memory Map of the image

  Image Entry point : 0x08000131

  Load Region LR_IROM1 (Base: 0x08000000, Size: 0x000029b0, Max: 0x00080000, ABSOLUTE)

    Execution Region ER_IROM1 (Base: 0x08000000, Size: 0x00002904, Max: 0x00080000, ABSOLUTE)

    Base Addr    Size         Type   Attr      Idx    E Section Name        Object

    0x08000000   0x00000130   Data   RO          304    RESET               startup_stm32f10x_hd.o
    0x08000130   0x00000000   Code   RO         4901  * .ARM.Collect$$$$00000000  mc_w.l(entry.o)
    0x08000130   0x00000004   Code   RO         5179    .ARM.Collect$$$$00000001  mc_w.l(entry2.o)
    0x08000134   0x00000004   Code   RO         5182    .ARM.Collect$$$$00000004  mc_w.l(entry5.o)
    0x08000138   0x00000000   Code   RO         5184    .ARM.Collect$$$$00000008  mc_w.l(entry7b.o)
    0x08000138   0x00000000   Code   RO         5186    .ARM.Collect$$$$0000000A  mc_w.l(entry8b.o)
    0x08000138   0x00000008   Code   RO         5187    .ARM.Collect$$$$0000000B  mc_w.l(entry9a.o)
    0x08000140   0x00000000   Code   RO         5189    .ARM.Collect$$$$0000000D  mc_w.l(entry10a.o)
    0x08000140   0x00000000   Code   RO         5191    .ARM.Collect$$$$0000000F  mc_w.l(entry11a.o)
    0x08000140   0x00000004   Code   RO         5180    .ARM.Collect$$$$00002712  mc_w.l(entry2.o)
    0x08000144   0x00000096   Code   RO         3876    .emb_text           port.o
    0x080001da   0x00000002   PAD
    0x080001dc   0x00000024   Code   RO          305    .text               startup_stm32f10x_hd.o
    0x08000200   0x00000024   Code   RO         4904    .text               mc_w.l(memcpya.o)
    0x08000224   0x00000024   Code   RO         4906    .text               mc_w.l(memseta.o)
    0x08000248   0x0000002c   Code   RO         5194    .text               mc_w.l(uidiv.o)
    0x08000274   0x00000024   Code   RO         5211    .text               mc_w.l(init.o)
    0x08000298   0x00000010   Code   RO          569    i.BKP_DeInit        stm32f10x_bkp.o
    0x080002a8   0x0000001c   Code   RO          574    i.BKP_ReadBackupRegister  stm32f10x_bkp.o
    0x080002c4   0x0000001c   Code   RO          578    i.BKP_WriteBackupRegister  stm32f10x_bkp.o
    0x080002e0   0x00000164   Code   RO         4552    i.BME280_CalibParam  bme280.o
    0x08000444   0x00000044   Code   RO         4553    i.BME280_Chack      bme280.o
    0x08000488   0x00000068   Code   RO         4559    i.BME280_Init       bme280.o
    0x080004f0   0x00000050   Code   RO         4684    i.BME_IIC_Ack       myiic.o
    0x08000540   0x00000038   Code   RO         4685    i.BME_IIC_Init      myiic.o
    0x08000578   0x00000050   Code   RO         4686    i.BME_IIC_NAck      myiic.o
    0x080005c8   0x00000070   Code   RO         4687    i.BME_IIC_Read_Byte  myiic.o
    0x08000638   0x00000074   Code   RO         4688    i.BME_IIC_Send_Byte  myiic.o
    0x080006ac   0x0000004c   Code   RO         4689    i.BME_IIC_Start     myiic.o
    0x080006f8   0x0000004c   Code   RO         4690    i.BME_IIC_Stop      myiic.o
    0x08000744   0x00000064   Code   RO         4691    i.BME_IIC_Wait_Ack  myiic.o
    0x080007a8   0x00000048   Code   RO         4567    i.BME_Read_Byte     bme280.o
    0x080007f0   0x00000074   Code   RO         4568    i.BME_Read_Len      bme280.o
    0x08000864   0x0000004c   Code   RO         4569    i.BME_Write_Byte    bme280.o
    0x080008b0   0x00000004   Code   RO           17    i.BusFault_Handler  stm32f10x_it.o
    0x080008b4   0x0000000c   Code   RO         4504    i.Clean_Key_status  xy_key.o
    0x080008c0   0x00000002   Code   RO           18    i.DebugMon_Handler  stm32f10x_it.o
    0x080008c2   0x0000001e   Code   RO         4423    i.Delay1ms          utility.o
    0x080008e0   0x00000014   Code   RO         4424    i.Delay1us          utility.o
    0x080008f4   0x0000002c   Code   RO         4534    i.EValve_All_Close  xy_elevalve.o
    0x08000920   0x00000058   Code   RO         4535    i.EValve_GPIO_Config  xy_elevalve.o
    0x08000978   0x0000003c   Code   RO           19    i.EXTI9_5_IRQHandler  stm32f10x_it.o
    0x080009b4   0x0000000c   Code   RO         1107    i.EXTI_ClearITPendingBit  stm32f10x_exti.o
    0x080009c0   0x00000094   Code   RO         1112    i.EXTI_Init         stm32f10x_exti.o
    0x08000a54   0x00000040   Code   RO         1457    i.GPIO_EXTILineConfig  stm32f10x_gpio.o
    0x08000a94   0x00000116   Code   RO         1460    i.GPIO_Init         stm32f10x_gpio.o
    0x08000baa   0x00000004   Code   RO         1467    i.GPIO_ResetBits    stm32f10x_gpio.o
    0x08000bae   0x00000004   Code   RO         1468    i.GPIO_SetBits      stm32f10x_gpio.o
    0x08000bb2   0x00000002   PAD
    0x08000bb4   0x00000020   Code   RO         4780    i.Get_System_clock_freequency  xy_config.o
    0x08000bd4   0x00000004   Code   RO           20    i.HardFault_Handler  stm32f10x_it.o
    0x08000bd8   0x00000068   Code   RO         4505    i.Key_EXTI_Config   xy_key.o
    0x08000c40   0x00000038   Code   RO         4750    i.MX_FREERTOS_Init  freertos.o
    0x08000c78   0x00000004   Code   RO           21    i.MemManage_Handler  stm32f10x_it.o
    0x08000c7c   0x00000002   Code   RO           22    i.NMI_Handler       stm32f10x_it.o
    0x08000c7e   0x00000012   Code   RO         4781    i.NVIC_Config       xy_config.o
    0x08000c90   0x00000070   Code   RO          309    i.NVIC_Init         misc.o
    0x08000d00   0x00000014   Code   RO          310    i.NVIC_PriorityGroupConfig  misc.o
    0x08000d14   0x0000000c   Code   RO         1817    i.PWR_BackupAccessCmd  stm32f10x_pwr.o
    0x08000d20   0x00000020   Code   RO         1879    i.RCC_APB1PeriphClockCmd  stm32f10x_rcc.o
    0x08000d40   0x00000020   Code   RO         1881    i.RCC_APB2PeriphClockCmd  stm32f10x_rcc.o
    0x08000d60   0x0000000c   Code   RO         1884    i.RCC_BackupResetCmd  stm32f10x_rcc.o
    0x08000d6c   0x00000014   Code   RO         1885    i.RCC_ClearFlag     stm32f10x_rcc.o
    0x08000d80   0x000000d4   Code   RO         1889    i.RCC_GetClocksFreq  stm32f10x_rcc.o
    0x08000e54   0x0000003c   Code   RO         1890    i.RCC_GetFlagStatus  stm32f10x_rcc.o
    0x08000e90   0x00000034   Code   RO         1897    i.RCC_LSEConfig     stm32f10x_rcc.o
    0x08000ec4   0x0000000c   Code   RO         1904    i.RCC_RTCCLKCmd     stm32f10x_rcc.o
    0x08000ed0   0x00000010   Code   RO         1905    i.RCC_RTCCLKConfig  stm32f10x_rcc.o
    0x08000ee0   0x00000076   Code   RO         4860    i.RTC_CheckAndConfig  bsp_rtc.o
    0x08000f56   0x00000002   PAD
    0x08000f58   0x00000010   Code   RO         2078    i.RTC_ClearITPendingBit  stm32f10x_rtc.o
    0x08000f68   0x00000058   Code   RO         4861    i.RTC_Configuration  bsp_rtc.o
    0x08000fc0   0x00000014   Code   RO         2079    i.RTC_EnterConfigMode  stm32f10x_rtc.o
    0x08000fd4   0x00000014   Code   RO         2080    i.RTC_ExitConfigMode  stm32f10x_rtc.o
    0x08000fe8   0x00000014   Code   RO         2081    i.RTC_GetCounter    stm32f10x_rtc.o
    0x08000ffc   0x00000024   Code   RO         2084    i.RTC_GetITStatus   stm32f10x_rtc.o
    0x08001020   0x0000002a   Code   RO           23    i.RTC_IRQHandler    stm32f10x_it.o
    0x0800104a   0x00000002   PAD
    0x0800104c   0x00000020   Code   RO         2085    i.RTC_ITConfig      stm32f10x_rtc.o
    0x0800106c   0x0000001c   Code   RO         2087    i.RTC_SetCounter    stm32f10x_rtc.o
    0x08001088   0x00000020   Code   RO         2088    i.RTC_SetPrescaler  stm32f10x_rtc.o
    0x080010a8   0x00000014   Code   RO         2089    i.RTC_WaitForLastTask  stm32f10x_rtc.o
    0x080010bc   0x00000024   Code   RO         2090    i.RTC_WaitForSynchro  stm32f10x_rtc.o
    0x080010e0   0x00000002   Code   RO           24    i.SDIO_IRQHandler   stm32f10x_it.o
    0x080010e2   0x00000008   Code   RO          268    i.SetSysClock       system_stm32f10x.o
    0x080010ea   0x00000002   PAD
    0x080010ec   0x000000e0   Code   RO          269    i.SetSysClockTo72   system_stm32f10x.o
    0x080011cc   0x00000080   Code   RO         4751    i.StartDefaultTask  freertos.o
    0x0800124c   0x00000008   Code   RO         4391    i.SysTick_Handler   systick.o
    0x08001254   0x00000060   Code   RO          271    i.SystemInit        system_stm32f10x.o
    0x080012b4   0x00000002   Code   RO           25    i.TIM2_IRQHandler   stm32f10x_it.o
    0x080012b6   0x00000002   Code   RO           26    i.TIM6_IRQHandler   stm32f10x_it.o
    0x080012b8   0x00000002   Code   RO           27    i.TIM7_IRQHandler   stm32f10x_it.o
    0x080012ba   0x00000002   PAD
    0x080012bc   0x00000068   Code   RO         4862    i.Time_Display      bsp_rtc.o
    0x08001324   0x00000032   Code   RO         4863    i.Time_init         bsp_rtc.o
    0x08001356   0x00000002   PAD
    0x08001358   0x0000009c   Code   RO         4466    i.USART1_Config     xy_usart.o
    0x080013f4   0x00000094   Code   RO           28    i.USART1_IRQHandler  stm32f10x_it.o
    0x08001488   0x00000022   Code   RO         4467    i.USART1_NVIC_Config  xy_usart.o
    0x080014aa   0x00000012   Code   RO         3048    i.USART_ClearFlag   stm32f10x_usart.o
    0x080014bc   0x00000018   Code   RO         3052    i.USART_Cmd         stm32f10x_usart.o
    0x080014d4   0x0000001a   Code   RO         3055    i.USART_GetFlagStatus  stm32f10x_usart.o
    0x080014ee   0x0000004a   Code   RO         3058    i.USART_ITConfig    stm32f10x_usart.o
    0x08001538   0x000000d8   Code   RO         3059    i.USART_Init        stm32f10x_usart.o
    0x08001610   0x00000008   Code   RO         3069    i.USART_SendData    stm32f10x_usart.o
    0x08001618   0x00000004   Code   RO           29    i.UsageFault_Handler  stm32f10x_it.o
    0x0800161c   0x00000048   Code   RO         4826    i.Usart1_Process_Task  xy_usart1_task.o
    0x08001664   0x0000002c   Code   RO         4782    i.XY_driver_init    xy_config.o
    0x08001690   0x00000020   Code   RO         4999    i.__0printf$3       mc_w.l(printf3.o)
    0x080016b0   0x0000000e   Code   RO         5221    i.__scatterload_copy  mc_w.l(handlers.o)
    0x080016be   0x00000002   Code   RO         5222    i.__scatterload_null  mc_w.l(handlers.o)
    0x080016c0   0x0000000e   Code   RO         5223    i.__scatterload_zeroinit  mc_w.l(handlers.o)
    0x080016ce   0x00000002   PAD
    0x080016d0   0x000001b8   Code   RO         5006    i._printf_core      mc_w.l(printf3.o)
    0x08001888   0x00000060   Code   RO         4392    i.bsp_InitTimer     systick.o
    0x080018e8   0x00000010   Code   RO         4425    i.delay_1us         utility.o
    0x080018f8   0x00000024   Code   RO         4469    i.fputc             xy_usart.o
    0x0800191c   0x00000014   Code   RO         4738    i.main              main.o
    0x08001930   0x0000000e   Code   RO         4018    i.makeFreeRtosPriority  cmsis_os.o
    0x0800193e   0x00000002   PAD
    0x08001940   0x00000080   Code   RO         4838    i.mktimev           bsp_date.o
    0x080019c0   0x00000018   Code   RO         4020    i.osDelay           cmsis_os.o
    0x080019d8   0x0000000a   Code   RO         4023    i.osKernelStart     cmsis_os.o
    0x080019e2   0x00000010   Code   RO         4056    i.osSystickHandler  cmsis_os.o
    0x080019f2   0x00000030   Code   RO         4057    i.osThreadCreate    cmsis_os.o
    0x08001a22   0x00000002   PAD
    0x08001a24   0x00000098   Code   RO         3305    i.prvAddCurrentTaskToDelayedList  tasks.o
    0x08001abc   0x000000b4   Code   RO         3306    i.prvAddNewTaskToReadyList  tasks.o
    0x08001b70   0x00000064   Code   RO         3307    i.prvCheckTasksWaitingTermination  tasks.o
    0x08001bd4   0x00000012   Code   RO         3308    i.prvDeleteTCB      tasks.o
    0x08001be6   0x00000002   PAD
    0x08001be8   0x0000007c   Code   RO         3953    i.prvHeapInit       heap_4.o
    0x08001c64   0x00000028   Code   RO         3309    i.prvIdleTask       tasks.o
    0x08001c8c   0x000000aa   Code   RO         3310    i.prvInitialiseNewTask  tasks.o
    0x08001d36   0x00000002   PAD
    0x08001d38   0x00000068   Code   RO         3311    i.prvInitialiseTaskLists  tasks.o
    0x08001da0   0x00000068   Code   RO         3954    i.prvInsertBlockIntoFreeList  heap_4.o
    0x08001e08   0x00000034   Code   RO         3312    i.prvResetNextTaskUnblockTime  tasks.o
    0x08001e3c   0x00000040   Code   RO         3877    i.prvTaskExitError  port.o
    0x08001e7c   0x0000013c   Code   RO         3955    i.pvPortMalloc      heap_4.o
    0x08001fb8   0x00000024   Code   RO         3878    i.pxPortInitialiseStack  port.o
    0x08001fdc   0x000000bc   Code   RO         4839    i.to_tm             bsp_date.o
    0x08002098   0x00000028   Code   RO         3688    i.uxListRemove      list.o
    0x080020c0   0x0000001a   Code   RO         3689    i.vListInitialise   list.o
    0x080020da   0x00000006   Code   RO         3690    i.vListInitialiseItem  list.o
    0x080020e0   0x00000034   Code   RO         3691    i.vListInsert       list.o
    0x08002114   0x00000018   Code   RO         3692    i.vListInsertEnd    list.o
    0x0800212c   0x00000054   Code   RO         3880    i.vPortEnterCritical  port.o
    0x08002180   0x0000003c   Code   RO         3881    i.vPortExitCritical  port.o
    0x080021bc   0x00000094   Code   RO         3956    i.vPortFree         heap_4.o
    0x08002250   0x00000020   Code   RO         3882    i.vPortSetupTimerInterrupt  port.o
    0x08002270   0x0000005c   Code   RO         3320    i.vTaskDelay        tasks.o
    0x080022cc   0x00000088   Code   RO         3331    i.vTaskStartScheduler  tasks.o
    0x08002354   0x00000010   Code   RO         3333    i.vTaskSuspendAll   tasks.o
    0x08002364   0x0000008c   Code   RO         3334    i.vTaskSwitchContext  tasks.o
    0x080023f0   0x000000a0   Code   RO         3884    i.xPortStartScheduler  port.o
    0x08002490   0x00000034   Code   RO         3885    i.xPortSysTickHandler  port.o
    0x080024c4   0x00000060   Code   RO         3336    i.xTaskCreate       tasks.o
    0x08002524   0x00000020   Code   RO         3340    i.xTaskGetSchedulerState  tasks.o
    0x08002544   0x00000148   Code   RO         3343    i.xTaskIncrementTick  tasks.o
    0x0800268c   0x00000104   Code   RO         3349    i.xTaskResumeAll    tasks.o
    0x08002790   0x00000028   Data   RO         4752    .constdata          freertos.o
    0x080027b8   0x000000c0   Data   RO         4753    .conststring        freertos.o
    0x08002878   0x0000006a   Data   RO         4784    .conststring        xy_config.o
    0x080028e2   0x00000002   PAD
    0x080028e4   0x00000020   Data   RO         5219    Region$$Table       anon$$obj.o


    Execution Region RW_IRAM1 (Base: 0x20000000, Size: 0x000012e8, Max: 0x00010000, ABSOLUTE)

    Base Addr    Size         Type   Attr      Idx    E Section Name        Object

    0x20000000   0x00000004   Data   RW           30    .data               stm32f10x_it.o
    0x20000004   0x00000014   Data   RW          272    .data               system_stm32f10x.o
    0x20000018   0x00000014   Data   RW         1909    .data               stm32f10x_rcc.o
    0x2000002c   0x0000003c   Data   RW         3352    .data               tasks.o
    0x20000068   0x0000000c   Data   RW         3886    .data               port.o
    0x20000074   0x00000018   Data   RW         3961    .data               heap_4.o
    0x2000008c   0x00000001   Data   RW         4507    .data               xy_key.o
    0x2000008d   0x00000003   PAD
    0x20000090   0x0000000c   Data   RW         4754    .data               freertos.o
    0x2000009c   0x0000000c   Data   RW         4840    .data               bsp_date.o
    0x200000a8   0x00000004   Data   RW         5193    .data               mc_w.l(stdout.o)
    0x200000ac   0x000000f0   Zero   RW         3351    .bss                tasks.o
    0x2000019c   0x00000c00   Zero   RW         3960    .bss                heap_4.o
    0x20000d9c   0x00000100   Zero   RW         4470    .bss                xy_usart.o
    0x20000e9c   0x00000030   Zero   RW         4571    .bss                bme280.o
    0x20000ecc   0x0000001c   Zero   RW         4783    .bss                xy_config.o
    0x20000ee8   0x00000400   Zero   RW          302    STACK               startup_stm32f10x_hd.o


==============================================================================

Image component sizes


      Code (inc. data)   RO Data    RW Data    ZI Data      Debug   Object Name

       792         10          0          0         48       8925   bme280.o
       316         14          0         12          0       2151   bsp_date.o
       360         52          0          0          0       2796   bsp_rtc.o
       112          0          0          0          0      12846   cmsis_os.o
         0          0          0          0          0       4536   core_cm3.o
       184         36        232         12          0       5618   freertos.o
       692         62          0         24       3072       7183   heap_4.o
       148          0          0          0          0       3378   list.o
        20          0          0          0          0        491   main.o
       132         22          0          0          0       1675   misc.o
       696        100          0          0          0       4702   myiic.o
       638         66          0         12          0      10228   port.o
        36          8        304          0       1024        832   startup_stm32f10x_hd.o
        72         10          0          0          0       2860   stm32f10x_bkp.o
       160         12          0          0          0       1645   stm32f10x_exti.o
       350          4          0          0          0       3862   stm32f10x_gpio.o
       278         54          0          4          0     255703   stm32f10x_it.o
        12          6          0          0          0        558   stm32f10x_pwr.o
       448         64          0         20          0       8086   stm32f10x_rcc.o
       260         48          0          0          0       5560   stm32f10x_rtc.o
       366          6          0          0          0       5687   stm32f10x_usart.o
       328         28          0         20          0       2381   system_stm32f10x.o
       104         12          0          0          0      16349   systick.o
      1916        278          0         60        240      23658   tasks.o
         0          0          0          0          0       1472   timers.o
        66          0          0          0          0       1574   utility.o
        94         12        106          0         28       1897   xy_config.o
       132         24          0          0          0       1104   xy_elevalve.o
       116         10          0          1          0       1398   xy_key.o
       226         12          0          0        256       2689   xy_usart.o
        72         30          0          0          0        546   xy_usart1_task.o

    ----------------------------------------------------------------------
      9148        980        676        168       4668     402390   Object Totals
         0          0         32          0          0          0   (incl. Generated)
        22          0          2          3          0          0   (incl. Padding)

    ----------------------------------------------------------------------

      Code (inc. data)   RO Data    RW Data    ZI Data      Debug   Library Member Name

         0          0          0          0          0          0   entry.o
         0          0          0          0          0          0   entry10a.o
         0          0          0          0          0          0   entry11a.o
         8          4          0          0          0          0   entry2.o
         4          0          0          0          0          0   entry5.o
         0          0          0          0          0          0   entry7b.o
         0          0          0          0          0          0   entry8b.o
         8          4          0          0          0          0   entry9a.o
        30          0          0          0          0          0   handlers.o
        36          8          0          0          0         68   init.o
        36          0          0          0          0         68   memcpya.o
        36          0          0          0          0        108   memseta.o
       472         14          0          0          0        184   printf3.o
         0          0          0          4          0          0   stdout.o
        44          0          0          0          0         80   uidiv.o

    ----------------------------------------------------------------------
       676         30          0          4          0        508   Library Totals
         2          0          0          0          0          0   (incl. Padding)

    ----------------------------------------------------------------------

      Code (inc. data)   RO Data    RW Data    ZI Data      Debug   Library Name

       674         30          0          4          0        508   mc_w.l

    ----------------------------------------------------------------------
       676         30          0          4          0        508   Library Totals

    ----------------------------------------------------------------------

==============================================================================


      Code (inc. data)   RO Data    RW Data    ZI Data      Debug   

      9824       1010        676        172       4668     396394   Grand Totals
      9824       1010        676        172       4668     396394   ELF Image Totals
      9824       1010        676        172          0          0   ROM Totals

==============================================================================

    Total RO  Size (Code + RO Data)                10500 (  10.25kB)
    Total RW  Size (RW Data + ZI Data)              4840 (   4.73kB)
    Total ROM Size (Code + RO Data + RW Data)      10672 (  10.42kB)

==============================================================================

